  console.error
    Error fetching file content: TypeError: AbortSignal.timeout is not a function
        at timeout (C:\anshika\college\gssoc'26\gitverse-nextjs\app\api\repositories\[id]\files\content\route.ts:195:27)
        at processTicksAndRejections (node:internal/process/task_queues:103:5)
        at Object.<anonymous> (C:\anshika\college\gssoc'26\gitverse-nextjs\app\api\repositories\[id]\files\content\__tests__\route.test.ts:76:24)

    [0m [90m 231 |[39m     [36mreturn[39m [33mNextResponse[39m[33m.[39mjson({ content[33m,[39m path[33m:[39m filePath })[33m;[39m
     [90m 232 |[39m   } [36mcatch[39m (error[33m:[39m any) {
    [31m[1m>[22m[39m[90m 233 |[39m     console[33m.[39merror([32m"Error fetching file content:"[39m[33m,[39m error[33m.[39mstack [33m||[39m sanitizeError(error))[33m;[39m
     [90m     |[39m             [31m[1m^[22m[39m
     [90m 234 |[39m
     [90m 235 |[39m     [36mif[39m (isHttpError(error)) {
     [90m 236 |[39m       [36mreturn[39m [33mNextResponse[39m[33m.[39mjson([0m

      at error (app/api/repositories/[id]/files/content/route.ts:233:13)
      at Object.<anonymous> (app/api/repositories/[id]/files/content/__tests__/route.test.ts:76:24)

  console.error
    Error fetching file content: TypeError: AbortSignal.timeout is not a function
        at timeout (C:\anshika\college\gssoc'26\gitverse-nextjs\app\api\repositories\[id]\files\content\route.ts:195:27)
        at processTicksAndRejections (node:internal/process/task_queues:103:5)
        at Object.<anonymous> (C:\anshika\college\gssoc'26\gitverse-nextjs\app\api\repositories\[id]\files\content\__tests__\route.test.ts:86:24)

    [0m [90m 231 |[39m     [36mreturn[39m [33mNextResponse[39m[33m.[39mjson({ content[33m,[39m path[33m:[39m filePath })[33m;[39m
     [90m 232 |[39m   } [36mcatch[39m (error[33m:[39m any) {
    [31m[1m>[22m[39m[90m 233 |[39m     console[33m.[39merror([32m"Error fetching file content:"[39m[33m,[39m error[33m.[39mstack [33m||[39m sanitizeError(error))[33m;[39m
     [90m     |[39m             [31m[1m^[22m[39m
     [90m 234 |[39m
     [90m 235 |[39m     [36mif[39m (isHttpError(error)) {
     [90m 236 |[39m       [36mreturn[39m [33mNextResponse[39m[33m.[39mjson([0m

      at error (app/api/repositories/[id]/files/content/route.ts:233:13)
      at Object.<anonymous> (app/api/repositories/[id]/files/content/__tests__/route.test.ts:86:24)

  console.error
    Error fetching file content: TypeError: AbortSignal.timeout is not a function
        at timeout (C:\anshika\college\gssoc'26\gitverse-nextjs\app\api\repositories\[id]\files\content\route.ts:195:27)
        at processTicksAndRejections (node:internal/process/task_queues:103:5)
        at Object.<anonymous> (C:\anshika\college\gssoc'26\gitverse-nextjs\app\api\repositories\[id]\files\content\__tests__\route.test.ts:170:26)

    [0m [90m 231 |[39m     [36mreturn[39m [33mNextResponse[39m[33m.[39mjson({ content[33m,[39m path[33m:[39m filePath })[33m;[39m
     [90m 232 |[39m   } [36mcatch[39m (error[33m:[39m any) {
    [31m[1m>[22m[39m[90m 233 |[39m     console[33m.[39merror([32m"Error fetching file content:"[39m[33m,[39m error[33m.[39mstack [33m||[39m sanitizeError(error))[33m;[39m
     [90m     |[39m             [31m[1m^[22m[39m
     [90m 234 |[39m
     [90m 235 |[39m     [36mif[39m (isHttpError(error)) {
     [90m 236 |[39m       [36mreturn[39m [33mNextResponse[39m[33m.[39mjson([0m

      at error (app/api/repositories/[id]/files/content/route.ts:233:13)
      at Object.<anonymous> (app/api/repositories/[id]/files/content/__tests__/route.test.ts:170:26)

  console.error
    Error fetching file content: TypeError: AbortSignal.timeout is not a function
        at timeout (C:\anshika\college\gssoc'26\gitverse-nextjs\app\api\repositories\[id]\files\content\route.ts:195:27)
        at processTicksAndRejections (node:internal/process/task_queues:103:5)
        at Object.<anonymous> (C:\anshika\college\gssoc'26\gitverse-nextjs\app\api\repositories\[id]\files\content\__tests__\route.test.ts:170:26)

    [0m [90m 231 |[39m     [36mreturn[39m [33mNextResponse[39m[33m.[39mjson({ content[33m,[39m path[33m:[39m filePath })[33m;[39m
     [90m 232 |[39m   } [36mcatch[39m (error[33m:[39m any) {
    [31m[1m>[22m[39m[90m 233 |[39m     console[33m.[39merror([32m"Error fetching file content:"[39m[33m,[39m error[33m.[39mstack [33m||[39m sanitizeError(error))[33m;[39m
     [90m     |[39m             [31m[1m^[22m[39m
     [90m 234 |[39m
     [90m 235 |[39m     [36mif[39m (isHttpError(error)) {
     [90m 236 |[39m       [36mreturn[39m [33mNextResponse[39m[33m.[39mjson([0m

      at error (app/api/repositories/[id]/files/content/route.ts:233:13)
      at Object.<anonymous> (app/api/repositories/[id]/files/content/__tests__/route.test.ts:170:26)

  console.error
    Error fetching file content: TypeError: AbortSignal.timeout is not a function
        at timeout (C:\anshika\college\gssoc'26\gitverse-nextjs\app\api\repositories\[id]\files\content\route.ts:195:27)
        at processTicksAndRejections (node:internal/process/task_queues:103:5)
        at Object.<anonymous> (C:\anshika\college\gssoc'26\gitverse-nextjs\app\api\repositories\[id]\files\content\__tests__\route.test.ts:170:26)

    [0m [90m 231 |[39m     [36mreturn[39m [33mNextResponse[39m[33m.[39mjson({ content[33m,[39m path[33m:[39m filePath })[33m;[39m
     [90m 232 |[39m   } [36mcatch[39m (error[33m:[39m any) {
    [31m[1m>[22m[39m[90m 233 |[39m     console[33m.[39merror([32m"Error fetching file content:"[39m[33m,[39m error[33m.[39mstack [33m||[39m sanitizeError(error))[33m;[39m
     [90m     |[39m             [31m[1m^[22m[39m
     [90m 234 |[39m
     [90m 235 |[39m     [36mif[39m (isHttpError(error)) {
     [90m 236 |[39m       [36mreturn[39m [33mNextResponse[39m[33m.[39mjson([0m

      at error (app/api/repositories/[id]/files/content/route.ts:233:13)
      at Object.<anonymous> (app/api/repositories/[id]/files/content/__tests__/route.test.ts:170:26)

  console.error
    Error fetching file content: TypeError: AbortSignal.timeout is not a function
        at timeout (C:\anshika\college\gssoc'26\gitverse-nextjs\app\api\repositories\[id]\files\content\route.ts:195:27)
        at processTicksAndRejections (node:internal/process/task_queues:103:5)
        at testExtensionBlock (C:\anshika\college\gssoc'26\gitverse-nextjs\app\api\repositories\[id]\files\content\__tests__\route.test.ts:182:24)
        at Object.<anonymous> (C:\anshika\college\gssoc'26\gitverse-nextjs\app\api\repositories\[id]\files\content\__tests__\route.test.ts:215:7)

    [0m [90m 231 |[39m     [36mreturn[39m [33mNextResponse[39m[33m.[39mjson({ content[33m,[39m path[33m:[39m filePath })[33m;[39m
     [90m 232 |[39m   } [36mcatch[39m (error[33m:[39m any) {
    [31m[1m>[22m[39m[90m 233 |[39m     console[33m.[39merror([32m"Error fetching file content:"[39m[33m,[39m error[33m.[39mstack [33m||[39m sanitizeError(error))[33m;[39m
     [90m     |[39m             [31m[1m^[22m[39m
     [90m 234 |[39m
     [90m 235 |[39m     [36mif[39m (isHttpError(error)) {
     [90m 236 |[39m       [36mreturn[39m [33mNextResponse[39m[33m.[39mjson([0m

      at error (app/api/repositories/[id]/files/content/route.ts:233:13)
      at testExtensionBlock (app/api/repositories/[id]/files/content/__tests__/route.test.ts:182:24)
      at Object.<anonymous> (app/api/repositories/[id]/files/content/__tests__/route.test.ts:215:7)

  console.error
    Error fetching file content: TypeError: AbortSignal.timeout is not a function
        at timeout (C:\anshika\college\gssoc'26\gitverse-nextjs\app\api\repositories\[id]\files\content\route.ts:195:27)
        at processTicksAndRejections (node:internal/process/task_queues:103:5)
        at Object.<anonymous> (C:\anshika\college\gssoc'26\gitverse-nextjs\app\api\repositories\[id]\files\content\__tests__\route.test.ts:333:24)

    [0m [90m 231 |[39m     [36mreturn[39m [33mNextResponse[39m[33m.[39mjson({ content[33m,[39m path[33m:[39m filePath })[33m;[39m
     [90m 232 |[39m   } [36mcatch[39m (error[33m:[39m any) {
    [31m[1m>[22m[39m[90m 233 |[39m     console[33m.[39merror([32m"Error fetching file content:"[39m[33m,[39m error[33m.[39mstack [33m||[39m sanitizeError(error))[33m;[39m
     [90m     |[39m             [31m[1m^[22m[39m
     [90m 234 |[39m
     [90m 235 |[39m     [36mif[39m (isHttpError(error)) {
     [90m 236 |[39m       [36mreturn[39m [33mNextResponse[39m[33m.[39mjson([0m

      at error (app/api/repositories/[id]/files/content/route.ts:233:13)
      at Object.<anonymous> (app/api/repositories/[id]/files/content/__tests__/route.test.ts:333:24)

  console.error
    Error fetching file content: TypeError: AbortSignal.timeout is not a function
        at timeout (C:\anshika\college\gssoc'26\gitverse-nextjs\app\api\repositories\[id]\files\content\route.ts:195:27)
        at processTicksAndRejections (node:internal/process/task_queues:103:5)
        at Object.<anonymous> (C:\anshika\college\gssoc'26\gitverse-nextjs\app\api\repositories\[id]\files\content\__tests__\route.test.ts:350:24)

    [0m [90m 231 |[39m     [36mreturn[39m [33mNextResponse[39m[33m.[39mjson({ content[33m,[39m path[33m:[39m filePath })[33m;[39m
     [90m 232 |[39m   } [36mcatch[39m (error[33m:[39m any) {
    [31m[1m>[22m[39m[90m 233 |[39m     console[33m.[39merror([32m"Error fetching file content:"[39m[33m,[39m error[33m.[39mstack [33m||[39m sanitizeError(error))[33m;[39m
     [90m     |[39m             [31m[1m^[22m[39m
     [90m 234 |[39m
     [90m 235 |[39m     [36mif[39m (isHttpError(error)) {
     [90m 236 |[39m       [36mreturn[39m [33mNextResponse[39m[33m.[39mjson([0m

      at error (app/api/repositories/[id]/files/content/route.ts:233:13)
      at Object.<anonymous> (app/api/repositories/[id]/files/content/__tests__/route.test.ts:350:24)

  console.error
    Error fetching file content: TypeError: AbortSignal.timeout is not a function
        at timeout (C:\anshika\college\gssoc'26\gitverse-nextjs\app\api\repositories\[id]\files\content\route.ts:195:27)
        at processTicksAndRejections (node:internal/process/task_queues:103:5)
        at Object.<anonymous> (C:\anshika\college\gssoc'26\gitverse-nextjs\app\api\repositories\[id]\files\content\__tests__\route.test.ts:372:24)

    [0m [90m 231 |[39m     [36mreturn[39m [33mNextResponse[39m[33m.[39mjson({ content[33m,[39m path[33m:[39m filePath })[33m;[39m
     [90m 232 |[39m   } [36mcatch[39m (error[33m:[39m any) {
    [31m[1m>[22m[39m[90m 233 |[39m     console[33m.[39merror([32m"Error fetching file content:"[39m[33m,[39m error[33m.[39mstack [33m||[39m sanitizeError(error))[33m;[39m
     [90m     |[39m             [31m[1m^[22m[39m
     [90m 234 |[39m
     [90m 235 |[39m     [36mif[39m (isHttpError(error)) {
     [90m 236 |[39m       [36mreturn[39m [33mNextResponse[39m[33m.[39mjson([0m

      at error (app/api/repositories/[id]/files/content/route.ts:233:13)
      at Object.<anonymous> (app/api/repositories/[id]/files/content/__tests__/route.test.ts:372:24)

  console.error
    Error fetching file content: TypeError: AbortSignal.timeout is not a function
        at timeout (C:\anshika\college\gssoc'26\gitverse-nextjs\app\api\repositories\[id]\files\content\route.ts:195:27)
        at processTicksAndRejections (node:internal/process/task_queues:103:5)
        at Object.<anonymous> (C:\anshika\college\gssoc'26\gitverse-nextjs\app\api\repositories\[id]\files\content\__tests__\route.test.ts:386:24)

    [0m [90m 231 |[39m     [36mreturn[39m [33mNextResponse[39m[33m.[39mjson({ content[33m,[39m path[33m:[39m filePath })[33m;[39m
     [90m 232 |[39m   } [36mcatch[39m (error[33m:[39m any) {
    [31m[1m>[22m[39m[90m 233 |[39m     console[33m.[39merror([32m"Error fetching file content:"[39m[33m,[39m error[33m.[39mstack [33m||[39m sanitizeError(error))[33m;[39m
     [90m     |[39m             [31m[1m^[22m[39m
     [90m 234 |[39m
     [90m 235 |[39m     [36mif[39m (isHttpError(error)) {
     [90m 236 |[39m       [36mreturn[39m [33mNextResponse[39m[33m.[39mjson([0m

      at error (app/api/repositories/[id]/files/content/route.ts:233:13)
      at Object.<anonymous> (app/api/repositories/[id]/files/content/__tests__/route.test.ts:386:24)

  console.error
    Error fetching file content: TypeError: AbortSignal.timeout is not a function
        at timeout (C:\anshika\college\gssoc'26\gitverse-nextjs\app\api\repositories\[id]\files\content\route.ts:195:27)
        at processTicksAndRejections (node:internal/process/task_queues:103:5)
        at Object.<anonymous> (C:\anshika\college\gssoc'26\gitverse-nextjs\app\api\repositories\[id]\files\content\__tests__\route.test.ts:401:24)

    [0m [90m 231 |[39m     [36mreturn[39m [33mNextResponse[39m[33m.[39mjson({ content[33m,[39m path[33m:[39m filePath })[33m;[39m
     [90m 232 |[39m   } [36mcatch[39m (error[33m:[39m any) {
    [31m[1m>[22m[39m[90m 233 |[39m     console[33m.[39merror([32m"Error fetching file content:"[39m[33m,[39m error[33m.[39mstack [33m||[39m sanitizeError(error))[33m;[39m
     [90m     |[39m             [31m[1m^[22m[39m
     [90m 234 |[39m
     [90m 235 |[39m     [36mif[39m (isHttpError(error)) {
     [90m 236 |[39m       [36mreturn[39m [33mNextResponse[39m[33m.[39mjson([0m

      at error (app/api/repositories/[id]/files/content/route.ts:233:13)
      at Object.<anonymous> (app/api/repositories/[id]/files/content/__tests__/route.test.ts:401:24)

  console.error
    Error fetching file content: Error: Repository lookup connection database deadlock
        at Object.<anonymous> (C:\anshika\college\gssoc'26\gitverse-nextjs\app\api\repositories\[id]\files\content\__tests__\route.test.ts:410:9)
        at Promise.then.completed (C:\anshika\college\gssoc'26\gitverse-nextjs\node_modules\jest-circus\build\utils.js:298:28)
        at new Promise (<anonymous>)
        at callAsyncCircusFn (C:\anshika\college\gssoc'26\gitverse-nextjs\node_modules\jest-circus\build\utils.js:231:10)
        at _callCircusTest (C:\anshika\college\gssoc'26\gitverse-nextjs\node_modules\jest-circus\build\run.js:316:40)
        at processTicksAndRejections (node:internal/process/task_queues:103:5)
        at _runTest (C:\anshika\college\gssoc'26\gitverse-nextjs\node_modules\jest-circus\build\run.js:252:3)
        at _runTestsForDescribeBlock (C:\anshika\college\gssoc'26\gitverse-nextjs\node_modules\jest-circus\build\run.js:126:9)
        at _runTestsForDescribeBlock (C:\anshika\college\gssoc'26\gitverse-nextjs\node_modules\jest-circus\build\run.js:121:9)
        at _runTestsForDescribeBlock (C:\anshika\college\gssoc'26\gitverse-nextjs\node_modules\jest-circus\build\run.js:121:9)
        at run (C:\anshika\college\gssoc'26\gitverse-nextjs\node_modules\jest-circus\build\run.js:71:3)
        at runAndTransformResultsToJestFormat (C:\anshika\college\gssoc'26\gitverse-nextjs\node_modules\jest-circus\build\legacy-code-todo-rewrite\jestAdapterInit.js:122:21)
        at jestAdapter (C:\anshika\college\gssoc'26\gitverse-nextjs\node_modules\jest-circus\build\legacy-code-todo-rewrite\jestAdapter.js:79:19)
        at runTestInternal (C:\anshika\college\gssoc'26\gitverse-nextjs\node_modules\jest-runner\build\runTest.js:367:16)
        at runTest (C:\anshika\college\gssoc'26\gitverse-nextjs\node_modules\jest-runner\build\runTest.js:444:34)

    [0m [90m 231 |[39m     [36mreturn[39m [33mNextResponse[39m[33m.[39mjson({ content[33m,[39m path[33m:[39m filePath })[33m;[39m
     [90m 232 |[39m   } [36mcatch[39m (error[33m:[39m any) {
    [31m[1m>[22m[39m[90m 233 |[39m     console[33m.[39merror([32m"Error fetching file content:"[39m[33m,[39m error[33m.[39mstack [33m||[39m sanitizeError(error))[33m;[39m
     [90m     |[39m             [31m[1m^[22m[39m
     [90m 234 |[39m
     [90m 235 |[39m     [36mif[39m (isHttpError(error)) {
     [90m 236 |[39m       [36mreturn[39m [33mNextResponse[39m[33m.[39mjson([0m

      at error (app/api/repositories/[id]/files/content/route.ts:233:13)
      at Object.<anonymous> (app/api/repositories/[id]/files/content/__tests__/route.test.ts:414:24)

  console.error
    Error fetching file content: TypeError: AbortSignal.timeout is not a function
        at timeout (C:\anshika\college\gssoc'26\gitverse-nextjs\app\api\repositories\[id]\files\content\route.ts:195:27)
        at processTicksAndRejections (node:internal/process/task_queues:103:5)
        at Object.<anonymous> (C:\anshika\college\gssoc'26\gitverse-nextjs\app\api\repositories\[id]\files\content\__tests__\route.test.ts:429:24)

    [0m [90m 231 |[39m     [36mreturn[39m [33mNextResponse[39m[33m.[39mjson({ content[33m,[39m path[33m:[39m filePath })[33m;[39m
     [90m 232 |[39m   } [36mcatch[39m (error[33m:[39m any) {
    [31m[1m>[22m[39m[90m 233 |[39m     console[33m.[39merror([32m"Error fetching file content:"[39m[33m,[39m error[33m.[39mstack [33m||[39m sanitizeError(error))[33m;[39m
     [90m     |[39m             [31m[1m^[22m[39m
     [90m 234 |[39m
     [90m 235 |[39m     [36mif[39m (isHttpError(error)) {
     [90m 236 |[39m       [36mreturn[39m [33mNextResponse[39m[33m.[39mjson([0m

      at error (app/api/repositories/[id]/files/content/route.ts:233:13)
      at Object.<anonymous> (app/api/repositories/[id]/files/content/__tests__/route.test.ts:429:24)

  console.error
    Error fetching file content: TypeError: AbortSignal.timeout is not a function
        at timeout (C:\anshika\college\gssoc'26\gitverse-nextjs\app\api\repositories\[id]\files\content\route.ts:195:27)
        at processTicksAndRejections (node:internal/process/task_queues:103:5)
        at Object.<anonymous> (C:\anshika\college\gssoc'26\gitverse-nextjs\app\api\repositories\[id]\files\content\__tests__\route.test.ts:444:24)

    [0m [90m 231 |[39m     [36mreturn[39m [33mNextResponse[39m[33m.[39mjson({ content[33m,[39m path[33m:[39m filePath })[33m;[39m
     [90m 232 |[39m   } [36mcatch[39m (error[33m:[39m any) {
    [31m[1m>[22m[39m[90m 233 |[39m     console[33m.[39merror([32m"Error fetching file content:"[39m[33m,[39m error[33m.[39mstack [33m||[39m sanitizeError(error))[33m;[39m
     [90m     |[39m             [31m[1m^[22m[39m
     [90m 234 |[39m
     [90m 235 |[39m     [36mif[39m (isHttpError(error)) {
     [90m 236 |[39m       [36mreturn[39m [33mNextResponse[39m[33m.[39mjson([0m

      at error (app/api/repositories/[id]/files/content/route.ts:233:13)
      at Object.<anonymous> (app/api/repositories/[id]/files/content/__tests__/route.test.ts:444:24)

  console.error
    Error fetching file content: TypeError: AbortSignal.timeout is not a function
        at timeout (C:\anshika\college\gssoc'26\gitverse-nextjs\app\api\repositories\[id]\files\content\route.ts:195:27)
        at processTicksAndRejections (node:internal/process/task_queues:103:5)
        at Object.<anonymous> (C:\anshika\college\gssoc'26\gitverse-nextjs\app\api\repositories\[id]\files\content\__tests__\route.test.ts:527:24)

    [0m [90m 231 |[39m     [36mreturn[39m [33mNextResponse[39m[33m.[39mjson({ content[33m,[39m path[33m:[39m filePath })[33m;[39m
     [90m 232 |[39m   } [36mcatch[39m (error[33m:[39m any) {
    [31m[1m>[22m[39m[90m 233 |[39m     console[33m.[39merror([32m"Error fetching file content:"[39m[33m,[39m error[33m.[39mstack [33m||[39m sanitizeError(error))[33m;[39m
     [90m     |[39m             [31m[1m^[22m[39m
     [90m 234 |[39m
     [90m 235 |[39m     [36mif[39m (isHttpError(error)) {
     [90m 236 |[39m       [36mreturn[39m [33mNextResponse[39m[33m.[39mjson([0m

      at error (app/api/repositories/[id]/files/content/route.ts:233:13)
      at Object.<anonymous> (app/api/repositories/[id]/files/content/__tests__/route.test.ts:527:24)

  console.error
    Error fetching file content: TypeError: AbortSignal.timeout is not a function
        at timeout (C:\anshika\college\gssoc'26\gitverse-nextjs\app\api\repositories\[id]\files\content\route.ts:195:27)
        at processTicksAndRejections (node:internal/process/task_queues:103:5)
        at testAllowedExtension (C:\anshika\college\gssoc'26\gitverse-nextjs\app\api\repositories\[id]\files\content\__tests__\route.test.ts:535:24)
        at Object.<anonymous> (C:\anshika\college\gssoc'26\gitverse-nextjs\app\api\repositories\[id]\files\content\__tests__\route.test.ts:540:7)

    [0m [90m 231 |[39m     [36mreturn[39m [33mNextResponse[39m[33m.[39mjson({ content[33m,[39m path[33m:[39m filePath })[33m;[39m
     [90m 232 |[39m   } [36mcatch[39m (error[33m:[39m any) {
    [31m[1m>[22m[39m[90m 233 |[39m     console[33m.[39merror([32m"Error fetching file content:"[39m[33m,[39m error[33m.[39mstack [33m||[39m sanitizeError(error))[33m;[39m
     [90m     |[39m             [31m[1m^[22m[39m
     [90m 234 |[39m
     [90m 235 |[39m     [36mif[39m (isHttpError(error)) {
     [90m 236 |[39m       [36mreturn[39m [33mNextResponse[39m[33m.[39mjson([0m

      at error (app/api/repositories/[id]/files/content/route.ts:233:13)
      at testAllowedExtension (app/api/repositories/[id]/files/content/__tests__/route.test.ts:535:24)
      at Object.<anonymous> (app/api/repositories/[id]/files/content/__tests__/route.test.ts:540:7)

  console.error
    Error fetching file content: TypeError: AbortSignal.timeout is not a function
        at timeout (C:\anshika\college\gssoc'26\gitverse-nextjs\app\api\repositories\[id]\files\content\route.ts:195:27)
        at processTicksAndRejections (node:internal/process/task_queues:103:5)
        at testAllowedExtension (C:\anshika\college\gssoc'26\gitverse-nextjs\app\api\repositories\[id]\files\content\__tests__\route.test.ts:535:24)
        at Object.<anonymous> (C:\anshika\college\gssoc'26\gitverse-nextjs\app\api\repositories\[id]\files\content\__tests__\route.test.ts:543:7)

    [0m [90m 231 |[39m     [36mreturn[39m [33mNextResponse[39m[33m.[39mjson({ content[33m,[39m path[33m:[39m filePath })[33m;[39m
     [90m 232 |[39m   } [36mcatch[39m (error[33m:[39m any) {
    [31m[1m>[22m[39m[90m 233 |[39m     console[33m.[39merror([32m"Error fetching file content:"[39m[33m,[39m error[33m.[39mstack [33m||[39m sanitizeError(error))[33m;[39m
     [90m     |[39m             [31m[1m^[22m[39m
     [90m 234 |[39m
     [90m 235 |[39m     [36mif[39m (isHttpError(error)) {
     [90m 236 |[39m       [36mreturn[39m [33mNextResponse[39m[33m.[39mjson([0m

      at error (app/api/repositories/[id]/files/content/route.ts:233:13)
      at testAllowedExtension (app/api/repositories/[id]/files/content/__tests__/route.test.ts:535:24)
      at Object.<anonymous> (app/api/repositories/[id]/files/content/__tests__/route.test.ts:543:7)

  console.error
    Error fetching file content: TypeError: AbortSignal.timeout is not a function
        at timeout (C:\anshika\college\gssoc'26\gitverse-nextjs\app\api\repositories\[id]\files\content\route.ts:195:27)
        at processTicksAndRejections (node:internal/process/task_queues:103:5)
        at testAllowedExtension (C:\anshika\college\gssoc'26\gitverse-nextjs\app\api\repositories\[id]\files\content\__tests__\route.test.ts:535:24)
        at Object.<anonymous> (C:\anshika\college\gssoc'26\gitverse-nextjs\app\api\repositories\[id]\files\content\__tests__\route.test.ts:546:7)

    [0m [90m 231 |[39m     [36mreturn[39m [33mNextResponse[39m[33m.[39mjson({ content[33m,[39m path[33m:[39m filePath })[33m;[39m
     [90m 232 |[39m   } [36mcatch[39m (error[33m:[39m any) {
    [31m[1m>[22m[39m[90m 233 |[39m     console[33m.[39merror([32m"Error fetching file content:"[39m[33m,[39m error[33m.[39mstack [33m||[39m sanitizeError(error))[33m;[39m
     [90m     |[39m             [31m[1m^[22m[39m
     [90m 234 |[39m
     [90m 235 |[39m     [36mif[39m (isHttpError(error)) {
     [90m 236 |[39m       [36mreturn[39m [33mNextResponse[39m[33m.[39mjson([0m

      at error (app/api/repositories/[id]/files/content/route.ts:233:13)
      at testAllowedExtension (app/api/repositories/[id]/files/content/__tests__/route.test.ts:535:24)
      at Object.<anonymous> (app/api/repositories/[id]/files/content/__tests__/route.test.ts:546:7)

  console.error
    Error fetching file content: TypeError: AbortSignal.timeout is not a function
        at timeout (C:\anshika\college\gssoc'26\gitverse-nextjs\app\api\repositories\[id]\files\content\route.ts:195:27)
        at processTicksAndRejections (node:internal/process/task_queues:103:5)
        at testAllowedExtension (C:\anshika\college\gssoc'26\gitverse-nextjs\app\api\repositories\[id]\files\content\__tests__\route.test.ts:535:24)
        at Object.<anonymous> (C:\anshika\college\gssoc'26\gitverse-nextjs\app\api\repositories\[id]\files\content\__tests__\route.test.ts:549:7)

    [0m [90m 231 |[39m     [36mreturn[39m [33mNextResponse[39m[33m.[39mjson({ content[33m,[39m path[33m:[39m filePath })[33m;[39m
     [90m 232 |[39m   } [36mcatch[39m (error[33m:[39m any) {
    [31m[1m>[22m[39m[90m 233 |[39m     console[33m.[39merror([32m"Error fetching file content:"[39m[33m,[39m error[33m.[39mstack [33m||[39m sanitizeError(error))[33m;[39m
     [90m     |[39m             [31m[1m^[22m[39m
     [90m 234 |[39m
     [90m 235 |[39m     [36mif[39m (isHttpError(error)) {
     [90m 236 |[39m       [36mreturn[39m [33mNextResponse[39m[33m.[39mjson([0m

      at error (app/api/repositories/[id]/files/content/route.ts:233:13)
      at testAllowedExtension (app/api/repositories/[id]/files/content/__tests__/route.test.ts:535:24)
      at Object.<anonymous> (app/api/repositories/[id]/files/content/__tests__/route.test.ts:549:7)

  console.error
    Error fetching file content: TypeError: AbortSignal.timeout is not a function
        at timeout (C:\anshika\college\gssoc'26\gitverse-nextjs\app\api\repositories\[id]\files\content\route.ts:195:27)
        at processTicksAndRejections (node:internal/process/task_queues:103:5)
        at testAllowedExtension (C:\anshika\college\gssoc'26\gitverse-nextjs\app\api\repositories\[id]\files\content\__tests__\route.test.ts:535:24)
        at Object.<anonymous> (C:\anshika\college\gssoc'26\gitverse-nextjs\app\api\repositories\[id]\files\content\__tests__\route.test.ts:552:7)

    [0m [90m 231 |[39m     [36mreturn[39m [33mNextResponse[39m[33m.[39mjson({ content[33m,[39m path[33m:[39m filePath })[33m;[39m
     [90m 232 |[39m   } [36mcatch[39m (error[33m:[39m any) {
    [31m[1m>[22m[39m[90m 233 |[39m     console[33m.[39merror([32m"Error fetching file content:"[39m[33m,[39m error[33m.[39mstack [33m||[39m sanitizeError(error))[33m;[39m
     [90m     |[39m             [31m[1m^[22m[39m
     [90m 234 |[39m
     [90m 235 |[39m     [36mif[39m (isHttpError(error)) {
     [90m 236 |[39m       [36mreturn[39m [33mNextResponse[39m[33m.[39mjson([0m

      at error (app/api/repositories/[id]/files/content/route.ts:233:13)
      at testAllowedExtension (app/api/repositories/[id]/files/content/__tests__/route.test.ts:535:24)
      at Object.<anonymous> (app/api/repositories/[id]/files/content/__tests__/route.test.ts:552:7)

  console.error
    Error fetching file content: TypeError: AbortSignal.timeout is not a function
        at timeout (C:\anshika\college\gssoc'26\gitverse-nextjs\app\api\repositories\[id]\files\content\route.ts:195:27)
        at processTicksAndRejections (node:internal/process/task_queues:103:5)
        at testAllowedExtension (C:\anshika\college\gssoc'26\gitverse-nextjs\app\api\repositories\[id]\files\content\__tests__\route.test.ts:535:24)
        at Object.<anonymous> (C:\anshika\college\gssoc'26\gitverse-nextjs\app\api\repositories\[id]\files\content\__tests__\route.test.ts:555:7)

    [0m [90m 231 |[39m     [36mreturn[39m [33mNextResponse[39m[33m.[39mjson({ content[33m,[39m path[33m:[39m filePath })[33m;[39m
     [90m 232 |[39m   } [36mcatch[39m (error[33m:[39m any) {
    [31m[1m>[22m[39m[90m 233 |[39m     console[33m.[39merror([32m"Error fetching file content:"[39m[33m,[39m error[33m.[39mstack [33m||[39m sanitizeError(error))[33m;[39m
     [90m     |[39m             [31m[1m^[22m[39m
     [90m 234 |[39m
     [90m 235 |[39m     [36mif[39m (isHttpError(error)) {
     [90m 236 |[39m       [36mreturn[39m [33mNextResponse[39m[33m.[39mjson([0m

      at error (app/api/repositories/[id]/files/content/route.ts:233:13)
      at testAllowedExtension (app/api/repositories/[id]/files/content/__tests__/route.test.ts:535:24)
      at Object.<anonymous> (app/api/repositories/[id]/files/content/__tests__/route.test.ts:555:7)

  console.error
    Error fetching file content: TypeError: AbortSignal.timeout is not a function
        at timeout (C:\anshika\college\gssoc'26\gitverse-nextjs\app\api\repositories\[id]\files\content\route.ts:195:27)
        at processTicksAndRejections (node:internal/process/task_queues:103:5)
        at testAllowedExtension (C:\anshika\college\gssoc'26\gitverse-nextjs\app\api\repositories\[id]\files\content\__tests__\route.test.ts:535:24)
        at Object.<anonymous> (C:\anshika\college\gssoc'26\gitverse-nextjs\app\api\repositories\[id]\files\content\__tests__\route.test.ts:558:7)

    [0m [90m 231 |[39m     [36mreturn[39m [33mNextResponse[39m[33m.[39mjson({ content[33m,[39m path[33m:[39m filePath })[33m;[39m
     [90m 232 |[39m   } [36mcatch[39m (error[33m:[39m any) {
    [31m[1m>[22m[39m[90m 233 |[39m     console[33m.[39merror([32m"Error fetching file content:"[39m[33m,[39m error[33m.[39mstack [33m||[39m sanitizeError(error))[33m;[39m
     [90m     |[39m             [31m[1m^[22m[39m
     [90m 234 |[39m
     [90m 235 |[39m     [36mif[39m (isHttpError(error)) {
     [90m 236 |[39m       [36mreturn[39m [33mNextResponse[39m[33m.[39mjson([0m

      at error (app/api/repositories/[id]/files/content/route.ts:233:13)
      at testAllowedExtension (app/api/repositories/[id]/files/content/__tests__/route.test.ts:535:24)
      at Object.<anonymous> (app/api/repositories/[id]/files/content/__tests__/route.test.ts:558:7)

  console.error
    Error fetching file content: TypeError: AbortSignal.timeout is not a function
        at timeout (C:\anshika\college\gssoc'26\gitverse-nextjs\app\api\repositories\[id]\files\content\route.ts:195:27)
        at processTicksAndRejections (node:internal/process/task_queues:103:5)
        at testAllowedExtension (C:\anshika\college\gssoc'26\gitverse-nextjs\app\api\repositories\[id]\files\content\__tests__\route.test.ts:535:24)
        at Object.<anonymous> (C:\anshika\college\gssoc'26\gitverse-nextjs\app\api\repositories\[id]\files\content\__tests__\route.test.ts:561:7)

    [0m [90m 231 |[39m     [36mreturn[39m [33mNextResponse[39m[33m.[39mjson({ content[33m,[39m path[33m:[39m filePath })[33m;[39m
     [90m 232 |[39m   } [36mcatch[39m (error[33m:[39m any) {
    [31m[1m>[22m[39m[90m 233 |[39m     console[33m.[39merror([32m"Error fetching file content:"[39m[33m,[39m error[33m.[39mstack [33m||[39m sanitizeError(error))[33m;[39m
     [90m     |[39m             [31m[1m^[22m[39m
     [90m 234 |[39m
     [90m 235 |[39m     [36mif[39m (isHttpError(error)) {
     [90m 236 |[39m       [36mreturn[39m [33mNextResponse[39m[33m.[39mjson([0m

      at error (app/api/repositories/[id]/files/content/route.ts:233:13)
      at testAllowedExtension (app/api/repositories/[id]/files/content/__tests__/route.test.ts:535:24)
      at Object.<anonymous> (app/api/repositories/[id]/files/content/__tests__/route.test.ts:561:7)

  console.error
    Error fetching file content: TypeError: AbortSignal.timeout is not a function
        at timeout (C:\anshika\college\gssoc'26\gitverse-nextjs\app\api\repositories\[id]\files\content\route.ts:195:27)
        at processTicksAndRejections (node:internal/process/task_queues:103:5)
        at testAllowedExtension (C:\anshika\college\gssoc'26\gitverse-nextjs\app\api\repositories\[id]\files\content\__tests__\route.test.ts:535:24)
        at Object.<anonymous> (C:\anshika\college\gssoc'26\gitverse-nextjs\app\api\repositories\[id]\files\content\__tests__\route.test.ts:564:7)

    [0m [90m 231 |[39m     [36mreturn[39m [33mNextResponse[39m[33m.[39mjson({ content[33m,[39m path[33m:[39m filePath })[33m;[39m
     [90m 232 |[39m   } [36mcatch[39m (error[33m:[39m any) {
    [31m[1m>[22m[39m[90m 233 |[39m     console[33m.[39merror([32m"Error fetching file content:"[39m[33m,[39m error[33m.[39mstack [33m||[39m sanitizeError(error))[33m;[39m
     [90m     |[39m             [31m[1m^[22m[39m
     [90m 234 |[39m
     [90m 235 |[39m     [36mif[39m (isHttpError(error)) {
     [90m 236 |[39m       [36mreturn[39m [33mNextResponse[39m[33m.[39mjson([0m

      at error (app/api/repositories/[id]/files/content/route.ts:233:13)
      at testAllowedExtension (app/api/repositories/[id]/files/content/__tests__/route.test.ts:535:24)
      at Object.<anonymous> (app/api/repositories/[id]/files/content/__tests__/route.test.ts:564:7)

  console.error
    Error fetching file content: TypeError: AbortSignal.timeout is not a function
        at timeout (C:\anshika\college\gssoc'26\gitverse-nextjs\app\api\repositories\[id]\files\content\route.ts:195:27)
        at processTicksAndRejections (node:internal/process/task_queues:103:5)
        at testAllowedExtension (C:\anshika\college\gssoc'26\gitverse-nextjs\app\api\repositories\[id]\files\content\__tests__\route.test.ts:535:24)
        at Object.<anonymous> (C:\anshika\college\gssoc'26\gitverse-nextjs\app\api\repositories\[id]\files\content\__tests__\route.test.ts:567:7)

    [0m [90m 231 |[39m     [36mreturn[39m [33mNextResponse[39m[33m.[39mjson({ content[33m,[39m path[33m:[39m filePath })[33m;[39m
     [90m 232 |[39m   } [36mcatch[39m (error[33m:[39m any) {
    [31m[1m>[22m[39m[90m 233 |[39m     console[33m.[39merror([32m"Error fetching file content:"[39m[33m,[39m error[33m.[39mstack [33m||[39m sanitizeError(error))[33m;[39m
     [90m     |[39m             [31m[1m^[22m[39m
     [90m 234 |[39m
     [90m 235 |[39m     [36mif[39m (isHttpError(error)) {
     [90m 236 |[39m       [36mreturn[39m [33mNextResponse[39m[33m.[39mjson([0m

      at error (app/api/repositories/[id]/files/content/route.ts:233:13)
      at testAllowedExtension (app/api/repositories/[id]/files/content/__tests__/route.test.ts:535:24)
      at Object.<anonymous> (app/api/repositories/[id]/files/content/__tests__/route.test.ts:567:7)

  console.error
    Error fetching file content: TypeError: AbortSignal.timeout is not a function
        at timeout (C:\anshika\college\gssoc'26\gitverse-nextjs\app\api\repositories\[id]\files\content\route.ts:195:27)
        at processTicksAndRejections (node:internal/process/task_queues:103:5)
        at testAllowedExtension (C:\anshika\college\gssoc'26\gitverse-nextjs\app\api\repositories\[id]\files\content\__tests__\route.test.ts:535:24)
        at Object.<anonymous> (C:\anshika\college\gssoc'26\gitverse-nextjs\app\api\repositories\[id]\files\content\__tests__\route.test.ts:570:7)

    [0m [90m 231 |[39m     [36mreturn[39m [33mNextResponse[39m[33m.[39mjson({ content[33m,[39m path[33m:[39m filePath })[33m;[39m
     [90m 232 |[39m   } [36mcatch[39m (error[33m:[39m any) {
    [31m[1m>[22m[39m[90m 233 |[39m     console[33m.[39merror([32m"Error fetching file content:"[39m[33m,[39m error[33m.[39mstack [33m||[39m sanitizeError(error))[33m;[39m
     [90m     |[39m             [31m[1m^[22m[39m
     [90m 234 |[39m
     [90m 235 |[39m     [36mif[39m (isHttpError(error)) {
     [90m 236 |[39m       [36mreturn[39m [33mNextResponse[39m[33m.[39mjson([0m

      at error (app/api/repositories/[id]/files/content/route.ts:233:13)
      at testAllowedExtension (app/api/repositories/[id]/files/content/__tests__/route.test.ts:535:24)
      at Object.<anonymous> (app/api/repositories/[id]/files/content/__tests__/route.test.ts:570:7)

  console.error
    Error fetching file content: TypeError: AbortSignal.timeout is not a function
        at timeout (C:\anshika\college\gssoc'26\gitverse-nextjs\app\api\repositories\[id]\files\content\route.ts:195:27)
        at processTicksAndRejections (node:internal/process/task_queues:103:5)
        at testAllowedExtension (C:\anshika\college\gssoc'26\gitverse-nextjs\app\api\repositories\[id]\files\content\__tests__\route.test.ts:535:24)
        at Object.<anonymous> (C:\anshika\college\gssoc'26\gitverse-nextjs\app\api\repositories\[id]\files\content\__tests__\route.test.ts:573:7)

    [0m [90m 231 |[39m     [36mreturn[39m [33mNextResponse[39m[33m.[39mjson({ content[33m,[39m path[33m:[39m filePath })[33m;[39m
     [90m 232 |[39m   } [36mcatch[39m (error[33m:[39m any) {
    [31m[1m>[22m[39m[90m 233 |[39m     console[33m.[39merror([32m"Error fetching file content:"[39m[33m,[39m error[33m.[39mstack [33m||[39m sanitizeError(error))[33m;[39m
     [90m     |[39m             [31m[1m^[22m[39m
     [90m 234 |[39m
     [90m 235 |[39m     [36mif[39m (isHttpError(error)) {
     [90m 236 |[39m       [36mreturn[39m [33mNextResponse[39m[33m.[39mjson([0m

      at error (app/api/repositories/[id]/files/content/route.ts:233:13)
      at testAllowedExtension (app/api/repositories/[id]/files/content/__tests__/route.test.ts:535:24)
      at Object.<anonymous> (app/api/repositories/[id]/files/content/__tests__/route.test.ts:573:7)

  console.error
    Error fetching file content: TypeError: AbortSignal.timeout is not a function
        at timeout (C:\anshika\college\gssoc'26\gitverse-nextjs\app\api\repositories\[id]\files\content\route.ts:195:27)
        at processTicksAndRejections (node:internal/process/task_queues:103:5)
        at testAllowedExtension (C:\anshika\college\gssoc'26\gitverse-nextjs\app\api\repositories\[id]\files\content\__tests__\route.test.ts:535:24)
        at Object.<anonymous> (C:\anshika\college\gssoc'26\gitverse-nextjs\app\api\repositories\[id]\files\content\__tests__\route.test.ts:576:7)

    [0m [90m 231 |[39m     [36mreturn[39m [33mNextResponse[39m[33m.[39mjson({ content[33m,[39m path[33m:[39m filePath })[33m;[39m
     [90m 232 |[39m   } [36mcatch[39m (error[33m:[39m any) {
    [31m[1m>[22m[39m[90m 233 |[39m     console[33m.[39merror([32m"Error fetching file content:"[39m[33m,[39m error[33m.[39mstack [33m||[39m sanitizeError(error))[33m;[39m
     [90m     |[39m             [31m[1m^[22m[39m
     [90m 234 |[39m
     [90m 235 |[39m     [36mif[39m (isHttpError(error)) {
     [90m 236 |[39m       [36mreturn[39m [33mNextResponse[39m[33m.[39mjson([0m

      at error (app/api/repositories/[id]/files/content/route.ts:233:13)
      at testAllowedExtension (app/api/repositories/[id]/files/content/__tests__/route.test.ts:535:24)
      at Object.<anonymous> (app/api/repositories/[id]/files/content/__tests__/route.test.ts:576:7)

  console.error
    Error fetching file content: TypeError: AbortSignal.timeout is not a function
        at timeout (C:\anshika\college\gssoc'26\gitverse-nextjs\app\api\repositories\[id]\files\content\route.ts:195:27)
        at processTicksAndRejections (node:internal/process/task_queues:103:5)
        at testAllowedExtension (C:\anshika\college\gssoc'26\gitverse-nextjs\app\api\repositories\[id]\files\content\__tests__\route.test.ts:535:24)
        at Object.<anonymous> (C:\anshika\college\gssoc'26\gitverse-nextjs\app\api\repositories\[id]\files\content\__tests__\route.test.ts:579:7)

    [0m [90m 231 |[39m     [36mreturn[39m [33mNextResponse[39m[33m.[39mjson({ content[33m,[39m path[33m:[39m filePath })[33m;[39m
     [90m 232 |[39m   } [36mcatch[39m (error[33m:[39m any) {
    [31m[1m>[22m[39m[90m 233 |[39m     console[33m.[39merror([32m"Error fetching file content:"[39m[33m,[39m error[33m.[39mstack [33m||[39m sanitizeError(error))[33m;[39m
     [90m     |[39m             [31m[1m^[22m[39m
     [90m 234 |[39m
     [90m 235 |[39m     [36mif[39m (isHttpError(error)) {
     [90m 236 |[39m       [36mreturn[39m [33mNextResponse[39m[33m.[39mjson([0m

      at error (app/api/repositories/[id]/files/content/route.ts:233:13)
      at testAllowedExtension (app/api/repositories/[id]/files/content/__tests__/route.test.ts:535:24)
      at Object.<anonymous> (app/api/repositories/[id]/files/content/__tests__/route.test.ts:579:7)

  console.error
    Error fetching file content: TypeError: AbortSignal.timeout is not a function
        at timeout (C:\anshika\college\gssoc'26\gitverse-nextjs\app\api\repositories\[id]\files\content\route.ts:195:27)
        at processTicksAndRejections (node:internal/process/task_queues:103:5)
        at testAllowedExtension (C:\anshika\college\gssoc'26\gitverse-nextjs\app\api\repositories\[id]\files\content\__tests__\route.test.ts:535:24)
        at Object.<anonymous> (C:\anshika\college\gssoc'26\gitverse-nextjs\app\api\repositories\[id]\files\content\__tests__\route.test.ts:582:7)

    [0m [90m 231 |[39m     [36mreturn[39m [33mNextResponse[39m[33m.[39mjson({ content[33m,[39m path[33m:[39m filePath })[33m;[39m
     [90m 232 |[39m   } [36mcatch[39m (error[33m:[39m any) {
    [31m[1m>[22m[39m[90m 233 |[39m     console[33m.[39merror([32m"Error fetching file content:"[39m[33m,[39m error[33m.[39mstack [33m||[39m sanitizeError(error))[33m;[39m
     [90m     |[39m             [31m[1m^[22m[39m
     [90m 234 |[39m
     [90m 235 |[39m     [36mif[39m (isHttpError(error)) {
     [90m 236 |[39m       [36mreturn[39m [33mNextResponse[39m[33m.[39mjson([0m

      at error (app/api/repositories/[id]/files/content/route.ts:233:13)
      at testAllowedExtension (app/api/repositories/[id]/files/content/__tests__/route.test.ts:535:24)
      at Object.<anonymous> (app/api/repositories/[id]/files/content/__tests__/route.test.ts:582:7)

  console.error
    Error fetching file content: TypeError: AbortSignal.timeout is not a function
        at timeout (C:\anshika\college\gssoc'26\gitverse-nextjs\app\api\repositories\[id]\files\content\route.ts:195:27)
        at processTicksAndRejections (node:internal/process/task_queues:103:5)
        at testAllowedExtension (C:\anshika\college\gssoc'26\gitverse-nextjs\app\api\repositories\[id]\files\content\__tests__\route.test.ts:535:24)
        at Object.<anonymous> (C:\anshika\college\gssoc'26\gitverse-nextjs\app\api\repositories\[id]\files\content\__tests__\route.test.ts:585:7)

    [0m [90m 231 |[39m     [36mreturn[39m [33mNextResponse[39m[33m.[39mjson({ content[33m,[39m path[33m:[39m filePath })[33m;[39m
     [90m 232 |[39m   } [36mcatch[39m (error[33m:[39m any) {
    [31m[1m>[22m[39m[90m 233 |[39m     console[33m.[39merror([32m"Error fetching file content:"[39m[33m,[39m error[33m.[39mstack [33m||[39m sanitizeError(error))[33m;[39m
     [90m     |[39m             [31m[1m^[22m[39m
     [90m 234 |[39m
     [90m 235 |[39m     [36mif[39m (isHttpError(error)) {
     [90m 236 |[39m       [36mreturn[39m [33mNextResponse[39m[33m.[39mjson([0m

      at error (app/api/repositories/[id]/files/content/route.ts:233:13)
      at testAllowedExtension (app/api/repositories/[id]/files/content/__tests__/route.test.ts:535:24)
      at Object.<anonymous> (app/api/repositories/[id]/files/content/__tests__/route.test.ts:585:7)

  console.error
    Error fetching file content: TypeError: AbortSignal.timeout is not a function
        at timeout (C:\anshika\college\gssoc'26\gitverse-nextjs\app\api\repositories\[id]\files\content\route.ts:195:27)
        at processTicksAndRejections (node:internal/process/task_queues:103:5)
        at Object.<anonymous> (C:\anshika\college\gssoc'26\gitverse-nextjs\app\api\repositories\[id]\files\content\__tests__\route.test.ts:598:24)

    [0m [90m 231 |[39m     [36mreturn[39m [33mNextResponse[39m[33m.[39mjson({ content[33m,[39m path[33m:[39m filePath })[33m;[39m
     [90m 232 |[39m   } [36mcatch[39m (error[33m:[39m any) {
    [31m[1m>[22m[39m[90m 233 |[39m     console[33m.[39merror([32m"Error fetching file content:"[39m[33m,[39m error[33m.[39mstack [33m||[39m sanitizeError(error))[33m;[39m
     [90m     |[39m             [31m[1m^[22m[39m
     [90m 234 |[39m
     [90m 235 |[39m     [36mif[39m (isHttpError(error)) {
     [90m 236 |[39m       [36mreturn[39m [33mNextResponse[39m[33m.[39mjson([0m

      at error (app/api/repositories/[id]/files/content/route.ts:233:13)
      at Object.<anonymous> (app/api/repositories/[id]/files/content/__tests__/route.test.ts:598:24)

  console.error
    Error fetching file content: TypeError: AbortSignal.timeout is not a function
        at timeout (C:\anshika\college\gssoc'26\gitverse-nextjs\app\api\repositories\[id]\files\content\route.ts:195:27)
        at processTicksAndRejections (node:internal/process/task_queues:103:5)
        at Object.<anonymous> (C:\anshika\college\gssoc'26\gitverse-nextjs\app\api\repositories\[id]\files\content\__tests__\route.test.ts:612:24)

    [0m [90m 231 |[39m     [36mreturn[39m [33mNextResponse[39m[33m.[39mjson({ content[33m,[39m path[33m:[39m filePath })[33m;[39m
     [90m 232 |[39m   } [36mcatch[39m (error[33m:[39m any) {
    [31m[1m>[22m[39m[90m 233 |[39m     console[33m.[39merror([32m"Error fetching file content:"[39m[33m,[39m error[33m.[39mstack [33m||[39m sanitizeError(error))[33m;[39m
     [90m     |[39m             [31m[1m^[22m[39m
     [90m 234 |[39m
     [90m 235 |[39m     [36mif[39m (isHttpError(error)) {
     [90m 236 |[39m       [36mreturn[39m [33mNextResponse[39m[33m.[39mjson([0m

      at error (app/api/repositories/[id]/files/content/route.ts:233:13)
      at Object.<anonymous> (app/api/repositories/[id]/files/content/__tests__/route.test.ts:612:24)

  console.error
    Error fetching file content: Error: Unauthorized access
        at Object.<anonymous> (C:\anshika\college\gssoc'26\gitverse-nextjs\app\api\repositories\[id]\files\content\__tests__\route.test.ts:630:52)
        at Promise.then.completed (C:\anshika\college\gssoc'26\gitverse-nextjs\node_modules\jest-circus\build\utils.js:298:28)
        at new Promise (<anonymous>)
        at callAsyncCircusFn (C:\anshika\college\gssoc'26\gitverse-nextjs\node_modules\jest-circus\build\utils.js:231:10)
        at _callCircusTest (C:\anshika\college\gssoc'26\gitverse-nextjs\node_modules\jest-circus\build\run.js:316:40)
        at processTicksAndRejections (node:internal/process/task_queues:103:5)
        at _runTest (C:\anshika\college\gssoc'26\gitverse-nextjs\node_modules\jest-circus\build\run.js:252:3)
        at _runTestsForDescribeBlock (C:\anshika\college\gssoc'26\gitverse-nextjs\node_modules\jest-circus\build\run.js:126:9)
        at _runTestsForDescribeBlock (C:\anshika\college\gssoc'26\gitverse-nextjs\node_modules\jest-circus\build\run.js:121:9)
        at _runTestsForDescribeBlock (C:\anshika\college\gssoc'26\gitverse-nextjs\node_modules\jest-circus\build\run.js:121:9)
        at run (C:\anshika\college\gssoc'26\gitverse-nextjs\node_modules\jest-circus\build\run.js:71:3)
        at runAndTransformResultsToJestFormat (C:\anshika\college\gssoc'26\gitverse-nextjs\node_modules\jest-circus\build\legacy-code-todo-rewrite\jestAdapterInit.js:122:21)
        at jestAdapter (C:\anshika\college\gssoc'26\gitverse-nextjs\node_modules\jest-circus\build\legacy-code-todo-rewrite\jestAdapter.js:79:19)
        at runTestInternal (C:\anshika\college\gssoc'26\gitverse-nextjs\node_modules\jest-runner\build\runTest.js:367:16)
        at runTest (C:\anshika\college\gssoc'26\gitverse-nextjs\node_modules\jest-runner\build\runTest.js:444:34)

    [0m [90m 231 |[39m     [36mreturn[39m [33mNextResponse[39m[33m.[39mjson({ content[33m,[39m path[33m:[39m filePath })[33m;[39m
     [90m 232 |[39m   } [36mcatch[39m (error[33m:[39m any) {
    [31m[1m>[22m[39m[90m 233 |[39m     console[33m.[39merror([32m"Error fetching file content:"[39m[33m,[39m error[33m.[39mstack [33m||[39m sanitizeError(error))[33m;[39m
     [90m     |[39m             [31m[1m^[22m[39m
     [90m 234 |[39m
     [90m 235 |[39m     [36mif[39m (isHttpError(error)) {
     [90m 236 |[39m       [36mreturn[39m [33mNextResponse[39m[33m.[39mjson([0m

      at error (app/api/repositories/[id]/files/content/route.ts:233:13)
      at Object.<anonymous> (app/api/repositories/[id]/files/content/__tests__/route.test.ts:633:24)

node.exe : FAIL app/api/repositories/[id]/files/content/__tests__/route.test.ts
At line:1 char:1
+ & "C:\Program Files\nodejs/node.exe" "C:\Program Files\nodejs/node_mo ...
+ ~~~~~~~~~~~~~~~~~~~~~~~~~~~~~~~~~~~~~~~~~~~~~~~~~~~~~~~~~~~~~~~~~~~~~
    + CategoryInfo          : NotSpecified: (FAIL app/api/re..._/route.test.ts:String) [], RemoteException
    + FullyQualifiedErrorId : NativeCommandError
 
  GET /api/repositories/[id]/files/content - Security Bounds and Robustness Checks
    Standard Operational Scenarios
      ├ù Scenario 1.1: successfully retrieves text file content under normal parameters (65 ms)
      ├ù Scenario 1.2: successfully retrieves files with complex multi-level folder paths (5 ms)
      ΓêÜ Scenario 1.3: rejects requests lacking a repository ID parameter (2 ms)
      ΓêÜ Scenario 1.4: rejects requests missing the file path parameter (1 ms)
    Advanced Path Traversal Mitigation checks (OWASP A01)
      ├ù Scenario 2.X: blocks path traversal attempt containing sequence "../../.env" (2 ms)
      ├ù Scenario 2.X: blocks path traversal attempt containing sequence "src/../../../.env" (1 ms)
      ├ù Scenario 2.X: blocks path traversal attempt containing sequence "./src/../../etc/passwd" (1 ms)
      ├ù Scenario 2.X: blocks path traversal attempt containing sequence "dir/subdir/../../.env" (1 ms)
      ├ù Scenario 2.X: blocks path traversal attempt containing sequence "../package.json" (1 ms)
      ├ù Scenario 2.X: blocks path traversal attempt containing sequence "..\..\etc\passwd" (1 ms)
      ├ù Scenario 2.X: blocks path traversal attempt containing sequence ".../..." (1 ms)
      ├ù Scenario 2.X: blocks path traversal attempt containing sequence "..../...." (1 ms)
      ├ù Scenario 2.X: blocks path traversal attempt containing sequence "src/../.." (1 ms)
      ├ù Scenario 2.X: blocks path traversal attempt containing sequence "sub/.." (1 ms)
      ├ù Scenario 2.Y: blocks absolute paths starting with '/' to prevent local file reads (1 ms)
      ├ù Scenario 2.Z: blocks paths containing null byte injection attempts (1 ms)
    Sensitive Asset Access Restrictions
      ├ù Scenario 3.X: denies access attempt to sensitive file format: ".env" (3 ms)
      ├ù Scenario 3.X: denies access attempt to sensitive file format: "config/.env" (3 ms)
      ├ù Scenario 3.X: denies access attempt to sensitive file format: "deploy.key" (1 ms)
      ├ù Scenario 3.X: denies access attempt to sensitive file format: "keys/production.pem" (1 ms)
      ├ù Scenario 3.X: denies access attempt to sensitive file format: "secrets.env" (3 ms)
      ├ù Scenario 3.X: denies access attempt to sensitive file format: "ssl/nginx.pem" (1 ms)
      ├ù Scenario 3.X: denies access attempt to sensitive file format: "id_rsa.key" (1 ms)
    File Format Integrity & Binary Prevention
      ├ù Scenario 4.1: blocks preview requests for binary extension .png (1 ms)
      ├ù Scenario 4.2: blocks preview requests for binary extension .jpg
      ├ù Scenario 4.3: blocks preview requests for binary extension .jpeg (1 ms)
      ├ù Scenario 4.4: blocks preview requests for binary extension .gif (1 ms)
      ├ù Scenario 4.5: blocks preview requests for binary extension .webp (1 ms)
      ├ù Scenario 4.6: blocks preview requests for binary extension .ico (1 ms)
      ├ù Scenario 4.7: blocks preview requests for binary extension .tiff (1 ms)
      ├ù Scenario 4.8: blocks preview requests for binary extension .bmp (1 ms)
      ├ù Scenario 4.9: blocks preview requests for binary extension .svg (3 ms)
      ├ù Scenario 4.10: blocks preview requests for archive extension .zip (1 ms)
      ├ù Scenario 4.11: blocks preview requests for archive extension .tar (1 ms)
      ├ù Scenario 4.12: blocks preview requests for archive extension .gz
      ├ù Scenario 4.13: blocks preview requests for archive extension .rar
      ├ù Scenario 4.14: blocks preview requests for archive extension .7z
      ├ù Scenario 4.15: blocks preview requests for archive extension .tgz (1 ms)
      ├ù Scenario 4.16: blocks preview requests for binary extension .exe (1 ms)
      ├ù Scenario 4.17: blocks preview requests for binary extension .dll (1 ms)
      ├ù Scenario 4.18: blocks preview requests for binary extension .so (1 ms)
      ├ù Scenario 4.19: blocks preview requests for binary extension .bin (1 ms)
      ├ù Scenario 4.20: blocks preview requests for binary extension .dmg (1 ms)
      ├ù Scenario 4.21: blocks preview requests for binary extension .iso
      ├ù Scenario 4.22: blocks preview requests for binary extension .jar (1 ms)
      ├ù Scenario 4.23: blocks preview requests for binary extension .war (1 ms)
      ├ù Scenario 4.24: blocks preview requests for binary extension .class (1 ms)
      ├ù Scenario 4.25: blocks preview requests for document extension .pdf (1 ms)
      ├ù Scenario 4.26: blocks preview requests for document extension .docx (1 ms)
      ├ù Scenario 4.27: blocks preview requests for document extension .xlsx (1 ms)
      ├ù Scenario 4.28: blocks preview requests for document extension .pptx (1 ms)
      ├ù Scenario 4.29: blocks preview requests for media extension .mp3 (1 ms)
      ├ù Scenario 4.30: blocks preview requests for media extension .mp4 (1 ms)
      ├ù Scenario 4.31: blocks preview requests for media extension .wav (1 ms)
      ├ù Scenario 4.32: blocks preview requests for media extension .avi (1 ms)
      ├ù Scenario 4.33: blocks preview requests for media extension .mkv (1 ms)
      ├ù Scenario 4.34: blocks preview requests for media extension .mov (2 ms)
      ├ù Scenario 4.35: blocks preview requests for font extension .woff (2 ms)
      ├ù Scenario 4.36: blocks preview requests for font extension .woff2 (1 ms)
      ├ù Scenario 4.37: blocks preview requests for font extension .ttf (1 ms)
      ├ù Scenario 4.38: blocks preview requests for font extension .eot (1 ms)
      ├ù Scenario 4.39: blocks preview requests for font extension .otf (1 ms)
    Resource Exhaustion & Content Sizing Shield (DoS Mitigation)
      ├ù Scenario 5.1: limits file size gracefully using the HTTP Content-Length header (3 ms)
      ├ù Scenario 5.2: checks actual text buffer sizing to prevent bypasses when Content-Length is missing (3 ms)
      ├ù Scenario 5.3: permits files that are exactly at the 1MB boundary limit (4 ms)
    API Error Handling and Resilience Modes
      ├ù Scenario 6.1: handles GitHub 404 response gracefully (4 ms)
      ├ù Scenario 6.2: handles unexpected general GitHub API errors properly (3 ms)
      ΓêÜ Scenario 6.3: fails gracefully with a 500 when repository lookup logic crashes (4 ms)
      ├ù Scenario 6.4: handles GitHub 403 Forbidden response gracefully (3 ms)
      ├ù Scenario 6.5: handles GitHub 502 Bad Gateway response gracefully (3 ms)
    Tenant Isolation and IDOR Mitigation checks
      ΓêÜ Scenario 7.1: denies access when repositoryService cannot retrieve repository details (1 ms)
      ΓêÜ Scenario 7.2: blocks non-GitHub repositories as they are unsupported (1 ms)
    Encoding Integrity & Path Segments Injection Safeguard
      ├ù Scenario 8.1: verifies path segments are individually url-encoded correctly (1 ms)
      ├ù Scenario 8.2: double encoding bypass verification (1 ms)
    Scenario 9: Edge Cases and Complex File Names Verification
      ΓêÜ Scenario 9.1: blocks files with double dots in the middle of their name (e.g. file..name.txt) (1 ms)
      ├ù Scenario 9.2: permits files with single dot paths that are valid (e.g. src/./index.js) (1 ms)
      ├ù Scenario 9.3: blocks long path names exceeding bounds safely (4 ms)
    Scenario 10: Whitelist Integrity & Allowed File Formats Verification
      ├ù Scenario 10.1: allows previewing .txt files (3 ms)
      ├ù Scenario 10.2: allows previewing .md files (2 ms)
      ├ù Scenario 10.3: allows previewing .json files (2 ms)
      ├ù Scenario 10.4: allows previewing .yml files (3 ms)
      ├ù Scenario 10.5: allows previewing .yaml files (3 ms)
      ├ù Scenario 10.6: allows previewing .js files (3 ms)
      ├ù Scenario 10.7: allows previewing .ts files (3 ms)
      ├ù Scenario 10.8: allows previewing .tsx files (5 ms)
      ├ù Scenario 10.9: allows previewing .jsx files (4 ms)
      ├ù Scenario 10.10: allows previewing .html files (4 ms)
      ├ù Scenario 10.11: allows previewing .css files (5 ms)
      ├ù Scenario 10.12: allows previewing .scss files (3 ms)
      ├ù Scenario 10.13: allows previewing .py files (3 ms)
      ├ù Scenario 10.14: allows previewing .go files (3 ms)
      ├ù Scenario 10.15: allows previewing .toml files (3 ms)
      ├ù Scenario 10.16: allows previewing .sql files (3 ms)
    Scenario 11: Extreme Path Sanitization Boundaries
      ├ù Scenario 11.1: processes paths with trailing special characters gracefully (2 ms)
      ├ù Scenario 11.2: processes paths containing hash tags gracefully (4 ms)
      ΓêÜ Scenario 11.3: blocks path strings consisting only of spaces (1 ms)
    Scenario 12: Detailed API Header & Payload Validation Checks
      ├ù Scenario 12.1: returns a validated JSON response with correct headers (4 ms)
      ΓêÜ Scenario 12.2: returns 400 when empty path is supplied (1 ms)
      ΓêÜ Scenario 12.3: fails with 500 when requireAuth rejects (3 ms)

  ΓùÅ GET /api/repositories/[id]/files/content - Security Bounds and Robustness Checks ΓÇ║ Standard Operational 
Scenarios ΓÇ║ Scenario 1.1: successfully retrieves text file content under normal parameters

    expect(received).toBe(expected) // Object.is equality

    Expected: 200
    Received: 500

    [0m [90m 77 |[39m       [36mconst[39m data [33m=[39m [36mawait[39m response[33m.[39mjson()[33m;[39m
     [90m 78 |[39m
    [31m[1m>[22m[39m[90m 79 |[39m       
expect(response[33m.[39mstatus)[33m.[39mtoBe([35m200[39m)[33m;[39m
     [90m    |[39m                               [31m[1m^[22m[39m
     [90m 80 |[39m       expect(data[33m.[39mcontent)[33m.[39mtoBe([32m"mocked content"[39m)[33m;[39m
     [90m 81 |[39m       expect(data[33m.[39mpath)[33m.[39mtoBe([32m"src/index.js"[39m)[33m;[39m
     [90m 82 |[39m     })[33m;[39m[0m

      at Object.toBe (app/api/repositories/[id]/files/content/__tests__/route.test.ts:79:31)

  ΓùÅ GET /api/repositories/[id]/files/content - Security Bounds and Robustness Checks ΓÇ║ Standard Operational 
Scenarios ΓÇ║ Scenario 1.2: successfully retrieves files with complex multi-level folder paths

    expect(received).toBe(expected) // Object.is equality

    Expected: 200
    Received: 500

    [0m [90m 87 |[39m       [36mconst[39m data [33m=[39m [36mawait[39m response[33m.[39mjson()[33m;[39m
     [90m 88 |[39m
    [31m[1m>[22m[39m[90m 89 |[39m       
expect(response[33m.[39mstatus)[33m.[39mtoBe([35m200[39m)[33m;[39m
     [90m    |[39m                               [31m[1m^[22m[39m
     [90m 90 |[39m       
expect(data[33m.[39mpath)[33m.[39mtoBe([32m"src/components/layout/Navbar/Navbar.tsx"[39m)[33m;[39m
     [90m 91 |[39m     })[33m;[39m
     [90m 92 |[39m[0m

      at Object.toBe (app/api/repositories/[id]/files/content/__tests__/route.test.ts:89:31)

  ΓùÅ GET /api/repositories/[id]/files/content - Security Bounds and Robustness Checks ΓÇ║ Advanced Path Traversal 
Mitigation checks (OWASP A01) ΓÇ║ Scenario 2.X: blocks path traversal attempt containing sequence "../../.env"

    expect(received).toContain(expected) // indexOf

    Expected substring: "Path traversal detected"
    Received string:    "File path contains invalid characters"

    [0m [90m 131 |[39m
     [90m 132 |[39m         expect(response[33m.[39mstatus)[33m.[39mtoBe([35m400[39m)[33m;[39m
    [31m[1m>[22m[39m[90m 133 |[39m         expect(data[33m.[39merror)[33m.[39mtoContain([32m"Path traversal 
detected"[39m)[33m;[39m
     [90m     |[39m                            [31m[1m^[22m[39m
     [90m 134 |[39m       })[33m;[39m
     [90m 135 |[39m     }
     [90m 136 |[39m[0m

      at Object.toContain (app/api/repositories/[id]/files/content/__tests__/route.test.ts:133:28)

  ΓùÅ GET /api/repositories/[id]/files/content - Security Bounds and Robustness Checks ΓÇ║ Advanced Path Traversal 
Mitigation checks (OWASP A01) ΓÇ║ Scenario 2.X: blocks path traversal attempt containing sequence "src/../../../.env"

    expect(received).toContain(expected) // indexOf

    Expected substring: "Path traversal detected"
    Received string:    "File path contains invalid characters"

    [0m [90m 131 |[39m
     [90m 132 |[39m         expect(response[33m.[39mstatus)[33m.[39mtoBe([35m400[39m)[33m;[39m
    [31m[1m>[22m[39m[90m 133 |[39m         expect(data[33m.[39merror)[33m.[39mtoContain([32m"Path traversal 
detected"[39m)[33m;[39m
     [90m     |[39m                            [31m[1m^[22m[39m
     [90m 134 |[39m       })[33m;[39m
     [90m 135 |[39m     }
     [90m 136 |[39m[0m

      at Object.toContain (app/api/repositories/[id]/files/content/__tests__/route.test.ts:133:28)

  ΓùÅ GET /api/repositories/[id]/files/content - Security Bounds and Robustness Checks ΓÇ║ Advanced Path Traversal 
Mitigation checks (OWASP A01) ΓÇ║ Scenario 2.X: blocks path traversal attempt containing sequence 
"./src/../../etc/passwd"

    expect(received).toContain(expected) // indexOf

    Expected substring: "Path traversal detected"
    Received string:    "File path contains invalid characters"

    [0m [90m 131 |[39m
     [90m 132 |[39m         expect(response[33m.[39mstatus)[33m.[39mtoBe([35m400[39m)[33m;[39m
    [31m[1m>[22m[39m[90m 133 |[39m         expect(data[33m.[39merror)[33m.[39mtoContain([32m"Path traversal 
detected"[39m)[33m;[39m
     [90m     |[39m                            [31m[1m^[22m[39m
     [90m 134 |[39m       })[33m;[39m
     [90m 135 |[39m     }
     [90m 136 |[39m[0m

      at Object.toContain (app/api/repositories/[id]/files/content/__tests__/route.test.ts:133:28)

  ΓùÅ GET /api/repositories/[id]/files/content - Security Bounds and Robustness Checks ΓÇ║ Advanced Path Traversal 
Mitigation checks (OWASP A01) ΓÇ║ Scenario 2.X: blocks path traversal attempt containing sequence 
"dir/subdir/../../.env"

    expect(received).toContain(expected) // indexOf

    Expected substring: "Path traversal detected"
    Received string:    "File path contains invalid characters"

    [0m [90m 131 |[39m
     [90m 132 |[39m         expect(response[33m.[39mstatus)[33m.[39mtoBe([35m400[39m)[33m;[39m
    [31m[1m>[22m[39m[90m 133 |[39m         expect(data[33m.[39merror)[33m.[39mtoContain([32m"Path traversal 
detected"[39m)[33m;[39m
     [90m     |[39m                            [31m[1m^[22m[39m
     [90m 134 |[39m       })[33m;[39m
     [90m 135 |[39m     }
     [90m 136 |[39m[0m

      at Object.toContain (app/api/repositories/[id]/files/content/__tests__/route.test.ts:133:28)

  ΓùÅ GET /api/repositories/[id]/files/content - Security Bounds and Robustness Checks ΓÇ║ Advanced Path Traversal 
Mitigation checks (OWASP A01) ΓÇ║ Scenario 2.X: blocks path traversal attempt containing sequence "../package.json"

    expect(received).toContain(expected) // indexOf

    Expected substring: "Path traversal detected"
    Received string:    "File path contains invalid characters"

    [0m [90m 131 |[39m
     [90m 132 |[39m         expect(response[33m.[39mstatus)[33m.[39mtoBe([35m400[39m)[33m;[39m
    [31m[1m>[22m[39m[90m 133 |[39m         expect(data[33m.[39merror)[33m.[39mtoContain([32m"Path traversal 
detected"[39m)[33m;[39m
     [90m     |[39m                            [31m[1m^[22m[39m
     [90m 134 |[39m       })[33m;[39m
     [90m 135 |[39m     }
     [90m 136 |[39m[0m

      at Object.toContain (app/api/repositories/[id]/files/content/__tests__/route.test.ts:133:28)

  ΓùÅ GET /api/repositories/[id]/files/content - Security Bounds and Robustness Checks ΓÇ║ Advanced Path Traversal 
Mitigation checks (OWASP A01) ΓÇ║ Scenario 2.X: blocks path traversal attempt containing sequence "..\..\etc\passwd"

    expect(received).toContain(expected) // indexOf

    Expected substring: "Path traversal detected"
    Received string:    "File path contains invalid characters"

    [0m [90m 131 |[39m
     [90m 132 |[39m         expect(response[33m.[39mstatus)[33m.[39mtoBe([35m400[39m)[33m;[39m
    [31m[1m>[22m[39m[90m 133 |[39m         expect(data[33m.[39merror)[33m.[39mtoContain([32m"Path traversal 
detected"[39m)[33m;[39m
     [90m     |[39m                            [31m[1m^[22m[39m
     [90m 134 |[39m       })[33m;[39m
     [90m 135 |[39m     }
     [90m 136 |[39m[0m

      at Object.toContain (app/api/repositories/[id]/files/content/__tests__/route.test.ts:133:28)

  ΓùÅ GET /api/repositories/[id]/files/content - Security Bounds and Robustness Checks ΓÇ║ Advanced Path Traversal 
Mitigation checks (OWASP A01) ΓÇ║ Scenario 2.X: blocks path traversal attempt containing sequence ".../..."

    expect(received).toContain(expected) // indexOf

    Expected substring: "Path traversal detected"
    Received string:    "File path contains invalid characters"

    [0m [90m 131 |[39m
     [90m 132 |[39m         expect(response[33m.[39mstatus)[33m.[39mtoBe([35m400[39m)[33m;[39m
    [31m[1m>[22m[39m[90m 133 |[39m         expect(data[33m.[39merror)[33m.[39mtoContain([32m"Path traversal 
detected"[39m)[33m;[39m
     [90m     |[39m                            [31m[1m^[22m[39m
     [90m 134 |[39m       })[33m;[39m
     [90m 135 |[39m     }
     [90m 136 |[39m[0m

      at Object.toContain (app/api/repositories/[id]/files/content/__tests__/route.test.ts:133:28)

  ΓùÅ GET /api/repositories/[id]/files/content - Security Bounds and Robustness Checks ΓÇ║ Advanced Path Traversal 
Mitigation checks (OWASP A01) ΓÇ║ Scenario 2.X: blocks path traversal attempt containing sequence "..../...."

    expect(received).toContain(expected) // indexOf

    Expected substring: "Path traversal detected"
    Received string:    "File path contains invalid characters"

    [0m [90m 131 |[39m
     [90m 132 |[39m         expect(response[33m.[39mstatus)[33m.[39mtoBe([35m400[39m)[33m;[39m
    [31m[1m>[22m[39m[90m 133 |[39m         expect(data[33m.[39merror)[33m.[39mtoContain([32m"Path traversal 
detected"[39m)[33m;[39m
     [90m     |[39m                            [31m[1m^[22m[39m
     [90m 134 |[39m       })[33m;[39m
     [90m 135 |[39m     }
     [90m 136 |[39m[0m

      at Object.toContain (app/api/repositories/[id]/files/content/__tests__/route.test.ts:133:28)

  ΓùÅ GET /api/repositories/[id]/files/content - Security Bounds and Robustness Checks ΓÇ║ Advanced Path Traversal 
Mitigation checks (OWASP A01) ΓÇ║ Scenario 2.X: blocks path traversal attempt containing sequence "src/../.."

    expect(received).toContain(expected) // indexOf

    Expected substring: "Path traversal detected"
    Received string:    "File path contains invalid characters"

    [0m [90m 131 |[39m
     [90m 132 |[39m         expect(response[33m.[39mstatus)[33m.[39mtoBe([35m400[39m)[33m;[39m
    [31m[1m>[22m[39m[90m 133 |[39m         expect(data[33m.[39merror)[33m.[39mtoContain([32m"Path traversal 
detected"[39m)[33m;[39m
     [90m     |[39m                            [31m[1m^[22m[39m
     [90m 134 |[39m       })[33m;[39m
     [90m 135 |[39m     }
     [90m 136 |[39m[0m

      at Object.toContain (app/api/repositories/[id]/files/content/__tests__/route.test.ts:133:28)

  ΓùÅ GET /api/repositories/[id]/files/content - Security Bounds and Robustness Checks ΓÇ║ Advanced Path Traversal 
Mitigation checks (OWASP A01) ΓÇ║ Scenario 2.X: blocks path traversal attempt containing sequence "sub/.."

    expect(received).toContain(expected) // indexOf

    Expected substring: "Path traversal detected"
    Received string:    "File path contains invalid characters"

    [0m [90m 131 |[39m
     [90m 132 |[39m         expect(response[33m.[39mstatus)[33m.[39mtoBe([35m400[39m)[33m;[39m
    [31m[1m>[22m[39m[90m 133 |[39m         expect(data[33m.[39merror)[33m.[39mtoContain([32m"Path traversal 
detected"[39m)[33m;[39m
     [90m     |[39m                            [31m[1m^[22m[39m
     [90m 134 |[39m       })[33m;[39m
     [90m 135 |[39m     }
     [90m 136 |[39m[0m

      at Object.toContain (app/api/repositories/[id]/files/content/__tests__/route.test.ts:133:28)

  ΓùÅ GET /api/repositories/[id]/files/content - Security Bounds and Robustness Checks ΓÇ║ Advanced Path Traversal 
Mitigation checks (OWASP A01) ΓÇ║ Scenario 2.Y: blocks absolute paths starting with '/' to prevent local file reads

    expect(received).toContain(expected) // indexOf

    Expected substring: "Absolute path not allowed"
    Received string:    "File path must not start with /"

    [0m [90m 141 |[39m
     [90m 142 |[39m       expect(response[33m.[39mstatus)[33m.[39mtoBe([35m400[39m)[33m;[39m
    [31m[1m>[22m[39m[90m 143 |[39m       expect(data[33m.[39merror)[33m.[39mtoContain([32m"Absolute path 
not allowed"[39m)[33m;[39m
     [90m     |[39m                          [31m[1m^[22m[39m
     [90m 144 |[39m     })[33m;[39m
     [90m 145 |[39m
     [90m 146 |[39m     it([32m"Scenario 2.Z: blocks paths containing null byte injection attempts"[39m[33m,[39m 
[36masync[39m () [33m=>[39m {[0m

      at Object.toContain (app/api/repositories/[id]/files/content/__tests__/route.test.ts:143:26)

  ΓùÅ GET /api/repositories/[id]/files/content - Security Bounds and Robustness Checks ΓÇ║ Advanced Path Traversal 
Mitigation checks (OWASP A01) ΓÇ║ Scenario 2.Z: blocks paths containing null byte injection attempts

    expect(received).toContain(expected) // indexOf

    Expected substring: "Null bytes not allowed"
    Received string:    "File path contains invalid characters"

    [0m [90m 150 |[39m
     [90m 151 |[39m       expect(response[33m.[39mstatus)[33m.[39mtoBe([35m400[39m)[33m;[39m
    [31m[1m>[22m[39m[90m 152 |[39m       expect(data[33m.[39merror)[33m.[39mtoContain([32m"Null bytes not 
allowed"[39m)[33m;[39m
     [90m     |[39m                          [31m[1m^[22m[39m
     [90m 153 |[39m     })[33m;[39m
     [90m 154 |[39m   })[33m;[39m
     [90m 155 |[39m[0m

      at Object.toContain (app/api/repositories/[id]/files/content/__tests__/route.test.ts:152:26)

  ΓùÅ GET /api/repositories/[id]/files/content - Security Bounds and Robustness Checks ΓÇ║ Sensitive Asset Access 
Restrictions ΓÇ║ Scenario 3.X: denies access attempt to sensitive file format: ".env"

    expect(received).toBe(expected) // Object.is equality

    Expected: 400
    Received: 500

    [0m [90m 171 |[39m         [36mconst[39m data [33m=[39m [36mawait[39m response[33m.[39mjson()[33m;[39m
     [90m 172 |[39m
    [31m[1m>[22m[39m[90m 173 |[39m         
expect(response[33m.[39mstatus)[33m.[39mtoBe([35m400[39m)[33m;[39m
     [90m     |[39m                                 [31m[1m^[22m[39m
     [90m 174 |[39m         expect(data[33m.[39merror)[33m.[39mtoContain([32m"Access to sensitive files is 
restricted"[39m)[33m;[39m
     [90m 175 |[39m       })[33m;[39m
     [90m 176 |[39m     }[0m

      at Object.toBe (app/api/repositories/[id]/files/content/__tests__/route.test.ts:173:33)

  ΓùÅ GET /api/repositories/[id]/files/content - Security Bounds and Robustness Checks ΓÇ║ Sensitive Asset Access 
Restrictions ΓÇ║ Scenario 3.X: denies access attempt to sensitive file format: "config/.env"

    expect(received).toBe(expected) // Object.is equality

    Expected: 400
    Received: 500

    [0m [90m 171 |[39m         [36mconst[39m data [33m=[39m [36mawait[39m response[33m.[39mjson()[33m;[39m
     [90m 172 |[39m
    [31m[1m>[22m[39m[90m 173 |[39m         
expect(response[33m.[39mstatus)[33m.[39mtoBe([35m400[39m)[33m;[39m
     [90m     |[39m                                 [31m[1m^[22m[39m
     [90m 174 |[39m         expect(data[33m.[39merror)[33m.[39mtoContain([32m"Access to sensitive files is 
restricted"[39m)[33m;[39m
     [90m 175 |[39m       })[33m;[39m
     [90m 176 |[39m     }[0m

      at Object.toBe (app/api/repositories/[id]/files/content/__tests__/route.test.ts:173:33)

  ΓùÅ GET /api/repositories/[id]/files/content - Security Bounds and Robustness Checks ΓÇ║ Sensitive Asset Access 
Restrictions ΓÇ║ Scenario 3.X: denies access attempt to sensitive file format: "deploy.key"

    expect(received).toContain(expected) // indexOf

    Expected substring: "Access to sensitive files is restricted"
    Received string:    "Only text files are supported for file viewing"

    [0m [90m 172 |[39m
     [90m 173 |[39m         expect(response[33m.[39mstatus)[33m.[39mtoBe([35m400[39m)[33m;[39m
    [31m[1m>[22m[39m[90m 174 |[39m         expect(data[33m.[39merror)[33m.[39mtoContain([32m"Access to 
sensitive files is restricted"[39m)[33m;[39m
     [90m     |[39m                            [31m[1m^[22m[39m
     [90m 175 |[39m       })[33m;[39m
     [90m 176 |[39m     }
     [90m 177 |[39m   })[33m;[39m[0m

      at Object.toContain (app/api/repositories/[id]/files/content/__tests__/route.test.ts:174:28)

  ΓùÅ GET /api/repositories/[id]/files/content - Security Bounds and Robustness Checks ΓÇ║ Sensitive Asset Access 
Restrictions ΓÇ║ Scenario 3.X: denies access attempt to sensitive file format: "keys/production.pem"

    expect(received).toContain(expected) // indexOf

    Expected substring: "Access to sensitive files is restricted"
    Received string:    "Only text files are supported for file viewing"

    [0m [90m 172 |[39m
     [90m 173 |[39m         expect(response[33m.[39mstatus)[33m.[39mtoBe([35m400[39m)[33m;[39m
    [31m[1m>[22m[39m[90m 174 |[39m         expect(data[33m.[39merror)[33m.[39mtoContain([32m"Access to 
sensitive files is restricted"[39m)[33m;[39m
     [90m     |[39m                            [31m[1m^[22m[39m
     [90m 175 |[39m       })[33m;[39m
     [90m 176 |[39m     }
     [90m 177 |[39m   })[33m;[39m[0m

      at Object.toContain (app/api/repositories/[id]/files/content/__tests__/route.test.ts:174:28)

  ΓùÅ GET /api/repositories/[id]/files/content - Security Bounds and Robustness Checks ΓÇ║ Sensitive Asset Access 
Restrictions ΓÇ║ Scenario 3.X: denies access attempt to sensitive file format: "secrets.env"

    expect(received).toBe(expected) // Object.is equality

    Expected: 400
    Received: 500

    [0m [90m 171 |[39m         [36mconst[39m data [33m=[39m [36mawait[39m response[33m.[39mjson()[33m;[39m
     [90m 172 |[39m
    [31m[1m>[22m[39m[90m 173 |[39m         
expect(response[33m.[39mstatus)[33m.[39mtoBe([35m400[39m)[33m;[39m
     [90m     |[39m                                 [31m[1m^[22m[39m
     [90m 174 |[39m         expect(data[33m.[39merror)[33m.[39mtoContain([32m"Access to sensitive files is 
restricted"[39m)[33m;[39m
     [90m 175 |[39m       })[33m;[39m
     [90m 176 |[39m     }[0m

      at Object.toBe (app/api/repositories/[id]/files/content/__tests__/route.test.ts:173:33)

  ΓùÅ GET /api/repositories/[id]/files/content - Security Bounds and Robustness Checks ΓÇ║ Sensitive Asset Access 
Restrictions ΓÇ║ Scenario 3.X: denies access attempt to sensitive file format: "ssl/nginx.pem"

    expect(received).toContain(expected) // indexOf

    Expected substring: "Access to sensitive files is restricted"
    Received string:    "Only text files are supported for file viewing"

    [0m [90m 172 |[39m
     [90m 173 |[39m         expect(response[33m.[39mstatus)[33m.[39mtoBe([35m400[39m)[33m;[39m
    [31m[1m>[22m[39m[90m 174 |[39m         expect(data[33m.[39merror)[33m.[39mtoContain([32m"Access to 
sensitive files is restricted"[39m)[33m;[39m
     [90m     |[39m                            [31m[1m^[22m[39m
     [90m 175 |[39m       })[33m;[39m
     [90m 176 |[39m     }
     [90m 177 |[39m   })[33m;[39m[0m

      at Object.toContain (app/api/repositories/[id]/files/content/__tests__/route.test.ts:174:28)

  ΓùÅ GET /api/repositories/[id]/files/content - Security Bounds and Robustness Checks ΓÇ║ Sensitive Asset Access 
Restrictions ΓÇ║ Scenario 3.X: denies access attempt to sensitive file format: "id_rsa.key"

    expect(received).toContain(expected) // indexOf

    Expected substring: "Access to sensitive files is restricted"
    Received string:    "Only text files are supported for file viewing"

    [0m [90m 172 |[39m
     [90m 173 |[39m         expect(response[33m.[39mstatus)[33m.[39mtoBe([35m400[39m)[33m;[39m
    [31m[1m>[22m[39m[90m 174 |[39m         expect(data[33m.[39merror)[33m.[39mtoContain([32m"Access to 
sensitive files is restricted"[39m)[33m;[39m
     [90m     |[39m                            [31m[1m^[22m[39m
     [90m 175 |[39m       })[33m;[39m
     [90m 176 |[39m     }
     [90m 177 |[39m   })[33m;[39m[0m

      at Object.toContain (app/api/repositories/[id]/files/content/__tests__/route.test.ts:174:28)

  ΓùÅ GET /api/repositories/[id]/files/content - Security Bounds and Robustness Checks ΓÇ║ File Format Integrity & 
Binary Prevention ΓÇ║ Scenario 4.1: blocks preview requests for binary extension .png

    expect(received).toContain(expected) // indexOf

    Expected substring: "Binary files and media are not supported"
    Received string:    "Only text files are supported for file viewing"

    [0m [90m 184 |[39m
     [90m 185 |[39m       expect(response[33m.[39mstatus)[33m.[39mtoBe([35m400[39m)[33m;[39m
    [31m[1m>[22m[39m[90m 186 |[39m       expect(data[33m.[39merror)[33m.[39mtoContain([32m"Binary files and 
media are not supported"[39m)[33m;[39m
     [90m     |[39m                          [31m[1m^[22m[39m
     [90m 187 |[39m     }[33m;[39m
     [90m 188 |[39m
     [90m 189 |[39m     [90m// Images[39m[0m

      at toContain (app/api/repositories/[id]/files/content/__tests__/route.test.ts:186:26)
      at Object.<anonymous> (app/api/repositories/[id]/files/content/__tests__/route.test.ts:191:7)

  ΓùÅ GET /api/repositories/[id]/files/content - Security Bounds and Robustness Checks ΓÇ║ File Format Integrity & 
Binary Prevention ΓÇ║ Scenario 4.2: blocks preview requests for binary extension .jpg

    expect(received).toContain(expected) // indexOf

    Expected substring: "Binary files and media are not supported"
    Received string:    "Only text files are supported for file viewing"

    [0m [90m 184 |[39m
     [90m 185 |[39m       expect(response[33m.[39mstatus)[33m.[39mtoBe([35m400[39m)[33m;[39m
    [31m[1m>[22m[39m[90m 186 |[39m       expect(data[33m.[39merror)[33m.[39mtoContain([32m"Binary files and 
media are not supported"[39m)[33m;[39m
     [90m     |[39m                          [31m[1m^[22m[39m
     [90m 187 |[39m     }[33m;[39m
     [90m 188 |[39m
     [90m 189 |[39m     [90m// Images[39m[0m

      at toContain (app/api/repositories/[id]/files/content/__tests__/route.test.ts:186:26)
      at Object.<anonymous> (app/api/repositories/[id]/files/content/__tests__/route.test.ts:194:7)

  ΓùÅ GET /api/repositories/[id]/files/content - Security Bounds and Robustness Checks ΓÇ║ File Format Integrity & 
Binary Prevention ΓÇ║ Scenario 4.3: blocks preview requests for binary extension .jpeg

    expect(received).toContain(expected) // indexOf

    Expected substring: "Binary files and media are not supported"
    Received string:    "Only text files are supported for file viewing"

    [0m [90m 184 |[39m
     [90m 185 |[39m       expect(response[33m.[39mstatus)[33m.[39mtoBe([35m400[39m)[33m;[39m
    [31m[1m>[22m[39m[90m 186 |[39m       expect(data[33m.[39merror)[33m.[39mtoContain([32m"Binary files and 
media are not supported"[39m)[33m;[39m
     [90m     |[39m                          [31m[1m^[22m[39m
     [90m 187 |[39m     }[33m;[39m
     [90m 188 |[39m
     [90m 189 |[39m     [90m// Images[39m[0m

      at toContain (app/api/repositories/[id]/files/content/__tests__/route.test.ts:186:26)
      at Object.<anonymous> (app/api/repositories/[id]/files/content/__tests__/route.test.ts:197:7)

  ΓùÅ GET /api/repositories/[id]/files/content - Security Bounds and Robustness Checks ΓÇ║ File Format Integrity & 
Binary Prevention ΓÇ║ Scenario 4.4: blocks preview requests for binary extension .gif

    expect(received).toContain(expected) // indexOf

    Expected substring: "Binary files and media are not supported"
    Received string:    "Only text files are supported for file viewing"

    [0m [90m 184 |[39m
     [90m 185 |[39m       expect(response[33m.[39mstatus)[33m.[39mtoBe([35m400[39m)[33m;[39m
    [31m[1m>[22m[39m[90m 186 |[39m       expect(data[33m.[39merror)[33m.[39mtoContain([32m"Binary files and 
media are not supported"[39m)[33m;[39m
     [90m     |[39m                          [31m[1m^[22m[39m
     [90m 187 |[39m     }[33m;[39m
     [90m 188 |[39m
     [90m 189 |[39m     [90m// Images[39m[0m

      at toContain (app/api/repositories/[id]/files/content/__tests__/route.test.ts:186:26)
      at Object.<anonymous> (app/api/repositories/[id]/files/content/__tests__/route.test.ts:200:7)

  ΓùÅ GET /api/repositories/[id]/files/content - Security Bounds and Robustness Checks ΓÇ║ File Format Integrity & 
Binary Prevention ΓÇ║ Scenario 4.5: blocks preview requests for binary extension .webp

    expect(received).toContain(expected) // indexOf

    Expected substring: "Binary files and media are not supported"
    Received string:    "Only text files are supported for file viewing"

    [0m [90m 184 |[39m
     [90m 185 |[39m       expect(response[33m.[39mstatus)[33m.[39mtoBe([35m400[39m)[33m;[39m
    [31m[1m>[22m[39m[90m 186 |[39m       expect(data[33m.[39merror)[33m.[39mtoContain([32m"Binary files and 
media are not supported"[39m)[33m;[39m
     [90m     |[39m                          [31m[1m^[22m[39m
     [90m 187 |[39m     }[33m;[39m
     [90m 188 |[39m
     [90m 189 |[39m     [90m// Images[39m[0m

      at toContain (app/api/repositories/[id]/files/content/__tests__/route.test.ts:186:26)
      at Object.<anonymous> (app/api/repositories/[id]/files/content/__tests__/route.test.ts:203:7)

  ΓùÅ GET /api/repositories/[id]/files/content - Security Bounds and Robustness Checks ΓÇ║ File Format Integrity & 
Binary Prevention ΓÇ║ Scenario 4.6: blocks preview requests for binary extension .ico

    expect(received).toContain(expected) // indexOf

    Expected substring: "Binary files and media are not supported"
    Received string:    "Only text files are supported for file viewing"

    [0m [90m 184 |[39m
     [90m 185 |[39m       expect(response[33m.[39mstatus)[33m.[39mtoBe([35m400[39m)[33m;[39m
    [31m[1m>[22m[39m[90m 186 |[39m       expect(data[33m.[39merror)[33m.[39mtoContain([32m"Binary files and 
media are not supported"[39m)[33m;[39m
     [90m     |[39m                          [31m[1m^[22m[39m
     [90m 187 |[39m     }[33m;[39m
     [90m 188 |[39m
     [90m 189 |[39m     [90m// Images[39m[0m

      at toContain (app/api/repositories/[id]/files/content/__tests__/route.test.ts:186:26)
      at Object.<anonymous> (app/api/repositories/[id]/files/content/__tests__/route.test.ts:206:7)

  ΓùÅ GET /api/repositories/[id]/files/content - Security Bounds and Robustness Checks ΓÇ║ File Format Integrity & 
Binary Prevention ΓÇ║ Scenario 4.7: blocks preview requests for binary extension .tiff

    expect(received).toContain(expected) // indexOf

    Expected substring: "Binary files and media are not supported"
    Received string:    "Only text files are supported for file viewing"

    [0m [90m 184 |[39m
     [90m 185 |[39m       expect(response[33m.[39mstatus)[33m.[39mtoBe([35m400[39m)[33m;[39m
    [31m[1m>[22m[39m[90m 186 |[39m       expect(data[33m.[39merror)[33m.[39mtoContain([32m"Binary files and 
media are not supported"[39m)[33m;[39m
     [90m     |[39m                          [31m[1m^[22m[39m
     [90m 187 |[39m     }[33m;[39m
     [90m 188 |[39m
     [90m 189 |[39m     [90m// Images[39m[0m

      at toContain (app/api/repositories/[id]/files/content/__tests__/route.test.ts:186:26)
      at Object.<anonymous> (app/api/repositories/[id]/files/content/__tests__/route.test.ts:209:7)

  ΓùÅ GET /api/repositories/[id]/files/content - Security Bounds and Robustness Checks ΓÇ║ File Format Integrity & 
Binary Prevention ΓÇ║ Scenario 4.8: blocks preview requests for binary extension .bmp

    expect(received).toContain(expected) // indexOf

    Expected substring: "Binary files and media are not supported"
    Received string:    "Only text files are supported for file viewing"

    [0m [90m 184 |[39m
     [90m 185 |[39m       expect(response[33m.[39mstatus)[33m.[39mtoBe([35m400[39m)[33m;[39m
    [31m[1m>[22m[39m[90m 186 |[39m       expect(data[33m.[39merror)[33m.[39mtoContain([32m"Binary files and 
media are not supported"[39m)[33m;[39m
     [90m     |[39m                          [31m[1m^[22m[39m
     [90m 187 |[39m     }[33m;[39m
     [90m 188 |[39m
     [90m 189 |[39m     [90m// Images[39m[0m

      at toContain (app/api/repositories/[id]/files/content/__tests__/route.test.ts:186:26)
      at Object.<anonymous> (app/api/repositories/[id]/files/content/__tests__/route.test.ts:212:7)

  ΓùÅ GET /api/repositories/[id]/files/content - Security Bounds and Robustness Checks ΓÇ║ File Format Integrity & 
Binary Prevention ΓÇ║ Scenario 4.9: blocks preview requests for binary extension .svg

    expect(received).toBe(expected) // Object.is equality

    Expected: 400
    Received: 500

    [0m [90m 183 |[39m       [36mconst[39m data [33m=[39m [36mawait[39m response[33m.[39mjson()[33m;[39m
     [90m 184 |[39m
    [31m[1m>[22m[39m[90m 185 |[39m       
expect(response[33m.[39mstatus)[33m.[39mtoBe([35m400[39m)[33m;[39m
     [90m     |[39m                               [31m[1m^[22m[39m
     [90m 186 |[39m       expect(data[33m.[39merror)[33m.[39mtoContain([32m"Binary files and media are not 
supported"[39m)[33m;[39m
     [90m 187 |[39m     }[33m;[39m
     [90m 188 |[39m[0m

      at toBe (app/api/repositories/[id]/files/content/__tests__/route.test.ts:185:31)
      at Object.<anonymous> (app/api/repositories/[id]/files/content/__tests__/route.test.ts:215:7)

  ΓùÅ GET /api/repositories/[id]/files/content - Security Bounds and Robustness Checks ΓÇ║ File Format Integrity & 
Binary Prevention ΓÇ║ Scenario 4.10: blocks preview requests for archive extension .zip

    expect(received).toContain(expected) // indexOf

    Expected substring: "Binary files and media are not supported"
    Received string:    "Only text files are supported for file viewing"

    [0m [90m 184 |[39m
     [90m 185 |[39m       expect(response[33m.[39mstatus)[33m.[39mtoBe([35m400[39m)[33m;[39m
    [31m[1m>[22m[39m[90m 186 |[39m       expect(data[33m.[39merror)[33m.[39mtoContain([32m"Binary files and 
media are not supported"[39m)[33m;[39m
     [90m     |[39m                          [31m[1m^[22m[39m
     [90m 187 |[39m     }[33m;[39m
     [90m 188 |[39m
     [90m 189 |[39m     [90m// Images[39m[0m

      at toContain (app/api/repositories/[id]/files/content/__tests__/route.test.ts:186:26)
      at Object.<anonymous> (app/api/repositories/[id]/files/content/__tests__/route.test.ts:220:7)

  ΓùÅ GET /api/repositories/[id]/files/content - Security Bounds and Robustness Checks ΓÇ║ File Format Integrity & 
Binary Prevention ΓÇ║ Scenario 4.11: blocks preview requests for archive extension .tar

    expect(received).toContain(expected) // indexOf

    Expected substring: "Binary files and media are not supported"
    Received string:    "Only text files are supported for file viewing"

    [0m [90m 184 |[39m
     [90m 185 |[39m       expect(response[33m.[39mstatus)[33m.[39mtoBe([35m400[39m)[33m;[39m
    [31m[1m>[22m[39m[90m 186 |[39m       expect(data[33m.[39merror)[33m.[39mtoContain([32m"Binary files and 
media are not supported"[39m)[33m;[39m
     [90m     |[39m                          [31m[1m^[22m[39m
     [90m 187 |[39m     }[33m;[39m
     [90m 188 |[39m
     [90m 189 |[39m     [90m// Images[39m[0m

      at toContain (app/api/repositories/[id]/files/content/__tests__/route.test.ts:186:26)
      at Object.<anonymous> (app/api/repositories/[id]/files/content/__tests__/route.test.ts:223:7)

  ΓùÅ GET /api/repositories/[id]/files/content - Security Bounds and Robustness Checks ΓÇ║ File Format Integrity & 
Binary Prevention ΓÇ║ Scenario 4.12: blocks preview requests for archive extension .gz

    expect(received).toContain(expected) // indexOf

    Expected substring: "Binary files and media are not supported"
    Received string:    "Only text files are supported for file viewing"

    [0m [90m 184 |[39m
     [90m 185 |[39m       expect(response[33m.[39mstatus)[33m.[39mtoBe([35m400[39m)[33m;[39m
    [31m[1m>[22m[39m[90m 186 |[39m       expect(data[33m.[39merror)[33m.[39mtoContain([32m"Binary files and 
media are not supported"[39m)[33m;[39m
     [90m     |[39m                          [31m[1m^[22m[39m
     [90m 187 |[39m     }[33m;[39m
     [90m 188 |[39m
     [90m 189 |[39m     [90m// Images[39m[0m

      at toContain (app/api/repositories/[id]/files/content/__tests__/route.test.ts:186:26)
      at Object.<anonymous> (app/api/repositories/[id]/files/content/__tests__/route.test.ts:226:7)

  ΓùÅ GET /api/repositories/[id]/files/content - Security Bounds and Robustness Checks ΓÇ║ File Format Integrity & 
Binary Prevention ΓÇ║ Scenario 4.13: blocks preview requests for archive extension .rar

    expect(received).toContain(expected) // indexOf

    Expected substring: "Binary files and media are not supported"
    Received string:    "Only text files are supported for file viewing"

    [0m [90m 184 |[39m
     [90m 185 |[39m       expect(response[33m.[39mstatus)[33m.[39mtoBe([35m400[39m)[33m;[39m
    [31m[1m>[22m[39m[90m 186 |[39m       expect(data[33m.[39merror)[33m.[39mtoContain([32m"Binary files and 
media are not supported"[39m)[33m;[39m
     [90m     |[39m                          [31m[1m^[22m[39m
     [90m 187 |[39m     }[33m;[39m
     [90m 188 |[39m
     [90m 189 |[39m     [90m// Images[39m[0m

      at toContain (app/api/repositories/[id]/files/content/__tests__/route.test.ts:186:26)
      at Object.<anonymous> (app/api/repositories/[id]/files/content/__tests__/route.test.ts:229:7)

  ΓùÅ GET /api/repositories/[id]/files/content - Security Bounds and Robustness Checks ΓÇ║ File Format Integrity & 
Binary Prevention ΓÇ║ Scenario 4.14: blocks preview requests for archive extension .7z

    expect(received).toContain(expected) // indexOf

    Expected substring: "Binary files and media are not supported"
    Received string:    "Only text files are supported for file viewing"

    [0m [90m 184 |[39m
     [90m 185 |[39m       expect(response[33m.[39mstatus)[33m.[39mtoBe([35m400[39m)[33m;[39m
    [31m[1m>[22m[39m[90m 186 |[39m       expect(data[33m.[39merror)[33m.[39mtoContain([32m"Binary files and 
media are not supported"[39m)[33m;[39m
     [90m     |[39m                          [31m[1m^[22m[39m
     [90m 187 |[39m     }[33m;[39m
     [90m 188 |[39m
     [90m 189 |[39m     [90m// Images[39m[0m

      at toContain (app/api/repositories/[id]/files/content/__tests__/route.test.ts:186:26)
      at Object.<anonymous> (app/api/repositories/[id]/files/content/__tests__/route.test.ts:232:7)

  ΓùÅ GET /api/repositories/[id]/files/content - Security Bounds and Robustness Checks ΓÇ║ File Format Integrity & 
Binary Prevention ΓÇ║ Scenario 4.15: blocks preview requests for archive extension .tgz

    expect(received).toContain(expected) // indexOf

    Expected substring: "Binary files and media are not supported"
    Received string:    "Only text files are supported for file viewing"

    [0m [90m 184 |[39m
     [90m 185 |[39m       expect(response[33m.[39mstatus)[33m.[39mtoBe([35m400[39m)[33m;[39m
    [31m[1m>[22m[39m[90m 186 |[39m       expect(data[33m.[39merror)[33m.[39mtoContain([32m"Binary files and 
media are not supported"[39m)[33m;[39m
     [90m     |[39m                          [31m[1m^[22m[39m
     [90m 187 |[39m     }[33m;[39m
     [90m 188 |[39m
     [90m 189 |[39m     [90m// Images[39m[0m

      at toContain (app/api/repositories/[id]/files/content/__tests__/route.test.ts:186:26)
      at Object.<anonymous> (app/api/repositories/[id]/files/content/__tests__/route.test.ts:235:7)

  ΓùÅ GET /api/repositories/[id]/files/content - Security Bounds and Robustness Checks ΓÇ║ File Format Integrity & 
Binary Prevention ΓÇ║ Scenario 4.16: blocks preview requests for binary extension .exe

    expect(received).toContain(expected) // indexOf

    Expected substring: "Binary files and media are not supported"
    Received string:    "Only text files are supported for file viewing"

    [0m [90m 184 |[39m
     [90m 185 |[39m       expect(response[33m.[39mstatus)[33m.[39mtoBe([35m400[39m)[33m;[39m
    [31m[1m>[22m[39m[90m 186 |[39m       expect(data[33m.[39merror)[33m.[39mtoContain([32m"Binary files and 
media are not supported"[39m)[33m;[39m
     [90m     |[39m                          [31m[1m^[22m[39m
     [90m 187 |[39m     }[33m;[39m
     [90m 188 |[39m
     [90m 189 |[39m     [90m// Images[39m[0m

      at toContain (app/api/repositories/[id]/files/content/__tests__/route.test.ts:186:26)
      at Object.<anonymous> (app/api/repositories/[id]/files/content/__tests__/route.test.ts:240:7)

  ΓùÅ GET /api/repositories/[id]/files/content - Security Bounds and Robustness Checks ΓÇ║ File Format Integrity & 
Binary Prevention ΓÇ║ Scenario 4.17: blocks preview requests for binary extension .dll

    expect(received).toContain(expected) // indexOf

    Expected substring: "Binary files and media are not supported"
    Received string:    "Only text files are supported for file viewing"

    [0m [90m 184 |[39m
     [90m 185 |[39m       expect(response[33m.[39mstatus)[33m.[39mtoBe([35m400[39m)[33m;[39m
    [31m[1m>[22m[39m[90m 186 |[39m       expect(data[33m.[39merror)[33m.[39mtoContain([32m"Binary files and 
media are not supported"[39m)[33m;[39m
     [90m     |[39m                          [31m[1m^[22m[39m
     [90m 187 |[39m     }[33m;[39m
     [90m 188 |[39m
     [90m 189 |[39m     [90m// Images[39m[0m

      at toContain (app/api/repositories/[id]/files/content/__tests__/route.test.ts:186:26)
      at Object.<anonymous> (app/api/repositories/[id]/files/content/__tests__/route.test.ts:243:7)

  ΓùÅ GET /api/repositories/[id]/files/content - Security Bounds and Robustness Checks ΓÇ║ File Format Integrity & 
Binary Prevention ΓÇ║ Scenario 4.18: blocks preview requests for binary extension .so

    expect(received).toContain(expected) // indexOf

    Expected substring: "Binary files and media are not supported"
    Received string:    "Only text files are supported for file viewing"

    [0m [90m 184 |[39m
     [90m 185 |[39m       expect(response[33m.[39mstatus)[33m.[39mtoBe([35m400[39m)[33m;[39m
    [31m[1m>[22m[39m[90m 186 |[39m       expect(data[33m.[39merror)[33m.[39mtoContain([32m"Binary files and 
media are not supported"[39m)[33m;[39m
     [90m     |[39m                          [31m[1m^[22m[39m
     [90m 187 |[39m     }[33m;[39m
     [90m 188 |[39m
     [90m 189 |[39m     [90m// Images[39m[0m

      at toContain (app/api/repositories/[id]/files/content/__tests__/route.test.ts:186:26)
      at Object.<anonymous> (app/api/repositories/[id]/files/content/__tests__/route.test.ts:246:7)

  ΓùÅ GET /api/repositories/[id]/files/content - Security Bounds and Robustness Checks ΓÇ║ File Format Integrity & 
Binary Prevention ΓÇ║ Scenario 4.19: blocks preview requests for binary extension .bin

    expect(received).toContain(expected) // indexOf

    Expected substring: "Binary files and media are not supported"
    Received string:    "Only text files are supported for file viewing"

    [0m [90m 184 |[39m
     [90m 185 |[39m       expect(response[33m.[39mstatus)[33m.[39mtoBe([35m400[39m)[33m;[39m
    [31m[1m>[22m[39m[90m 186 |[39m       expect(data[33m.[39merror)[33m.[39mtoContain([32m"Binary files and 
media are not supported"[39m)[33m;[39m
     [90m     |[39m                          [31m[1m^[22m[39m
     [90m 187 |[39m     }[33m;[39m
     [90m 188 |[39m
     [90m 189 |[39m     [90m// Images[39m[0m

      at toContain (app/api/repositories/[id]/files/content/__tests__/route.test.ts:186:26)
      at Object.<anonymous> (app/api/repositories/[id]/files/content/__tests__/route.test.ts:249:7)

  ΓùÅ GET /api/repositories/[id]/files/content - Security Bounds and Robustness Checks ΓÇ║ File Format Integrity & 
Binary Prevention ΓÇ║ Scenario 4.20: blocks preview requests for binary extension .dmg

    expect(received).toContain(expected) // indexOf

    Expected substring: "Binary files and media are not supported"
    Received string:    "Only text files are supported for file viewing"

    [0m [90m 184 |[39m
     [90m 185 |[39m       expect(response[33m.[39mstatus)[33m.[39mtoBe([35m400[39m)[33m;[39m
    [31m[1m>[22m[39m[90m 186 |[39m       expect(data[33m.[39merror)[33m.[39mtoContain([32m"Binary files and 
media are not supported"[39m)[33m;[39m
     [90m     |[39m                          [31m[1m^[22m[39m
     [90m 187 |[39m     }[33m;[39m
     [90m 188 |[39m
     [90m 189 |[39m     [90m// Images[39m[0m

      at toContain (app/api/repositories/[id]/files/content/__tests__/route.test.ts:186:26)
      at Object.<anonymous> (app/api/repositories/[id]/files/content/__tests__/route.test.ts:252:7)

  ΓùÅ GET /api/repositories/[id]/files/content - Security Bounds and Robustness Checks ΓÇ║ File Format Integrity & 
Binary Prevention ΓÇ║ Scenario 4.21: blocks preview requests for binary extension .iso

    expect(received).toContain(expected) // indexOf

    Expected substring: "Binary files and media are not supported"
    Received string:    "Only text files are supported for file viewing"

    [0m [90m 184 |[39m
     [90m 185 |[39m       expect(response[33m.[39mstatus)[33m.[39mtoBe([35m400[39m)[33m;[39m
    [31m[1m>[22m[39m[90m 186 |[39m       expect(data[33m.[39merror)[33m.[39mtoContain([32m"Binary files and 
media are not supported"[39m)[33m;[39m
     [90m     |[39m                          [31m[1m^[22m[39m
     [90m 187 |[39m     }[33m;[39m
     [90m 188 |[39m
     [90m 189 |[39m     [90m// Images[39m[0m

      at toContain (app/api/repositories/[id]/files/content/__tests__/route.test.ts:186:26)
      at Object.<anonymous> (app/api/repositories/[id]/files/content/__tests__/route.test.ts:255:7)

  ΓùÅ GET /api/repositories/[id]/files/content - Security Bounds and Robustness Checks ΓÇ║ File Format Integrity & 
Binary Prevention ΓÇ║ Scenario 4.22: blocks preview requests for binary extension .jar

    expect(received).toContain(expected) // indexOf

    Expected substring: "Binary files and media are not supported"
    Received string:    "Only text files are supported for file viewing"

    [0m [90m 184 |[39m
     [90m 185 |[39m       expect(response[33m.[39mstatus)[33m.[39mtoBe([35m400[39m)[33m;[39m
    [31m[1m>[22m[39m[90m 186 |[39m       expect(data[33m.[39merror)[33m.[39mtoContain([32m"Binary files and 
media are not supported"[39m)[33m;[39m
     [90m     |[39m                          [31m[1m^[22m[39m
     [90m 187 |[39m     }[33m;[39m
     [90m 188 |[39m
     [90m 189 |[39m     [90m// Images[39m[0m

      at toContain (app/api/repositories/[id]/files/content/__tests__/route.test.ts:186:26)
      at Object.<anonymous> (app/api/repositories/[id]/files/content/__tests__/route.test.ts:258:7)

  ΓùÅ GET /api/repositories/[id]/files/content - Security Bounds and Robustness Checks ΓÇ║ File Format Integrity & 
Binary Prevention ΓÇ║ Scenario 4.23: blocks preview requests for binary extension .war

    expect(received).toContain(expected) // indexOf

    Expected substring: "Binary files and media are not supported"
    Received string:    "Only text files are supported for file viewing"

    [0m [90m 184 |[39m
     [90m 185 |[39m       expect(response[33m.[39mstatus)[33m.[39mtoBe([35m400[39m)[33m;[39m
    [31m[1m>[22m[39m[90m 186 |[39m       expect(data[33m.[39merror)[33m.[39mtoContain([32m"Binary files and 
media are not supported"[39m)[33m;[39m
     [90m     |[39m                          [31m[1m^[22m[39m
     [90m 187 |[39m     }[33m;[39m
     [90m 188 |[39m
     [90m 189 |[39m     [90m// Images[39m[0m

      at toContain (app/api/repositories/[id]/files/content/__tests__/route.test.ts:186:26)
      at Object.<anonymous> (app/api/repositories/[id]/files/content/__tests__/route.test.ts:261:7)

  ΓùÅ GET /api/repositories/[id]/files/content - Security Bounds and Robustness Checks ΓÇ║ File Format Integrity & 
Binary Prevention ΓÇ║ Scenario 4.24: blocks preview requests for binary extension .class

    expect(received).toContain(expected) // indexOf

    Expected substring: "Binary files and media are not supported"
    Received string:    "Only text files are supported for file viewing"

    [0m [90m 184 |[39m
     [90m 185 |[39m       expect(response[33m.[39mstatus)[33m.[39mtoBe([35m400[39m)[33m;[39m
    [31m[1m>[22m[39m[90m 186 |[39m       expect(data[33m.[39merror)[33m.[39mtoContain([32m"Binary files and 
media are not supported"[39m)[33m;[39m
     [90m     |[39m                          [31m[1m^[22m[39m
     [90m 187 |[39m     }[33m;[39m
     [90m 188 |[39m
     [90m 189 |[39m     [90m// Images[39m[0m

      at toContain (app/api/repositories/[id]/files/content/__tests__/route.test.ts:186:26)
      at Object.<anonymous> (app/api/repositories/[id]/files/content/__tests__/route.test.ts:264:7)

  ΓùÅ GET /api/repositories/[id]/files/content - Security Bounds and Robustness Checks ΓÇ║ File Format Integrity & 
Binary Prevention ΓÇ║ Scenario 4.25: blocks preview requests for document extension .pdf

    expect(received).toContain(expected) // indexOf

    Expected substring: "Binary files and media are not supported"
    Received string:    "Only text files are supported for file viewing"

    [0m [90m 184 |[39m
     [90m 185 |[39m       expect(response[33m.[39mstatus)[33m.[39mtoBe([35m400[39m)[33m;[39m
    [31m[1m>[22m[39m[90m 186 |[39m       expect(data[33m.[39merror)[33m.[39mtoContain([32m"Binary files and 
media are not supported"[39m)[33m;[39m
     [90m     |[39m                          [31m[1m^[22m[39m
     [90m 187 |[39m     }[33m;[39m
     [90m 188 |[39m
     [90m 189 |[39m     [90m// Images[39m[0m

      at toContain (app/api/repositories/[id]/files/content/__tests__/route.test.ts:186:26)
      at Object.<anonymous> (app/api/repositories/[id]/files/content/__tests__/route.test.ts:269:7)

  ΓùÅ GET /api/repositories/[id]/files/content - Security Bounds and Robustness Checks ΓÇ║ File Format Integrity & 
Binary Prevention ΓÇ║ Scenario 4.26: blocks preview requests for document extension .docx

    expect(received).toContain(expected) // indexOf

    Expected substring: "Binary files and media are not supported"
    Received string:    "Only text files are supported for file viewing"

    [0m [90m 184 |[39m
     [90m 185 |[39m       expect(response[33m.[39mstatus)[33m.[39mtoBe([35m400[39m)[33m;[39m
    [31m[1m>[22m[39m[90m 186 |[39m       expect(data[33m.[39merror)[33m.[39mtoContain([32m"Binary files and 
media are not supported"[39m)[33m;[39m
     [90m     |[39m                          [31m[1m^[22m[39m
     [90m 187 |[39m     }[33m;[39m
     [90m 188 |[39m
     [90m 189 |[39m     [90m// Images[39m[0m

      at toContain (app/api/repositories/[id]/files/content/__tests__/route.test.ts:186:26)
      at Object.<anonymous> (app/api/repositories/[id]/files/content/__tests__/route.test.ts:272:7)

  ΓùÅ GET /api/repositories/[id]/files/content - Security Bounds and Robustness Checks ΓÇ║ File Format Integrity & 
Binary Prevention ΓÇ║ Scenario 4.27: blocks preview requests for document extension .xlsx

    expect(received).toContain(expected) // indexOf

    Expected substring: "Binary files and media are not supported"
    Received string:    "Only text files are supported for file viewing"

    [0m [90m 184 |[39m
     [90m 185 |[39m       expect(response[33m.[39mstatus)[33m.[39mtoBe([35m400[39m)[33m;[39m
    [31m[1m>[22m[39m[90m 186 |[39m       expect(data[33m.[39merror)[33m.[39mtoContain([32m"Binary files and 
media are not supported"[39m)[33m;[39m
     [90m     |[39m                          [31m[1m^[22m[39m
     [90m 187 |[39m     }[33m;[39m
     [90m 188 |[39m
     [90m 189 |[39m     [90m// Images[39m[0m

      at toContain (app/api/repositories/[id]/files/content/__tests__/route.test.ts:186:26)
      at Object.<anonymous> (app/api/repositories/[id]/files/content/__tests__/route.test.ts:275:7)

  ΓùÅ GET /api/repositories/[id]/files/content - Security Bounds and Robustness Checks ΓÇ║ File Format Integrity & 
Binary Prevention ΓÇ║ Scenario 4.28: blocks preview requests for document extension .pptx

    expect(received).toContain(expected) // indexOf

    Expected substring: "Binary files and media are not supported"
    Received string:    "Only text files are supported for file viewing"

    [0m [90m 184 |[39m
     [90m 185 |[39m       expect(response[33m.[39mstatus)[33m.[39mtoBe([35m400[39m)[33m;[39m
    [31m[1m>[22m[39m[90m 186 |[39m       expect(data[33m.[39merror)[33m.[39mtoContain([32m"Binary files and 
media are not supported"[39m)[33m;[39m
     [90m     |[39m                          [31m[1m^[22m[39m
     [90m 187 |[39m     }[33m;[39m
     [90m 188 |[39m
     [90m 189 |[39m     [90m// Images[39m[0m

      at toContain (app/api/repositories/[id]/files/content/__tests__/route.test.ts:186:26)
      at Object.<anonymous> (app/api/repositories/[id]/files/content/__tests__/route.test.ts:278:7)

  ΓùÅ GET /api/repositories/[id]/files/content - Security Bounds and Robustness Checks ΓÇ║ File Format Integrity & 
Binary Prevention ΓÇ║ Scenario 4.29: blocks preview requests for media extension .mp3

    expect(received).toContain(expected) // indexOf

    Expected substring: "Binary files and media are not supported"
    Received string:    "Only text files are supported for file viewing"

    [0m [90m 184 |[39m
     [90m 185 |[39m       expect(response[33m.[39mstatus)[33m.[39mtoBe([35m400[39m)[33m;[39m
    [31m[1m>[22m[39m[90m 186 |[39m       expect(data[33m.[39merror)[33m.[39mtoContain([32m"Binary files and 
media are not supported"[39m)[33m;[39m
     [90m     |[39m                          [31m[1m^[22m[39m
     [90m 187 |[39m     }[33m;[39m
     [90m 188 |[39m
     [90m 189 |[39m     [90m// Images[39m[0m

      at toContain (app/api/repositories/[id]/files/content/__tests__/route.test.ts:186:26)
      at Object.<anonymous> (app/api/repositories/[id]/files/content/__tests__/route.test.ts:281:7)

  ΓùÅ GET /api/repositories/[id]/files/content - Security Bounds and Robustness Checks ΓÇ║ File Format Integrity & 
Binary Prevention ΓÇ║ Scenario 4.30: blocks preview requests for media extension .mp4

    expect(received).toContain(expected) // indexOf

    Expected substring: "Binary files and media are not supported"
    Received string:    "Only text files are supported for file viewing"

    [0m [90m 184 |[39m
     [90m 185 |[39m       expect(response[33m.[39mstatus)[33m.[39mtoBe([35m400[39m)[33m;[39m
    [31m[1m>[22m[39m[90m 186 |[39m       expect(data[33m.[39merror)[33m.[39mtoContain([32m"Binary files and 
media are not supported"[39m)[33m;[39m
     [90m     |[39m                          [31m[1m^[22m[39m
     [90m 187 |[39m     }[33m;[39m
     [90m 188 |[39m
     [90m 189 |[39m     [90m// Images[39m[0m

      at toContain (app/api/repositories/[id]/files/content/__tests__/route.test.ts:186:26)
      at Object.<anonymous> (app/api/repositories/[id]/files/content/__tests__/route.test.ts:284:7)

  ΓùÅ GET /api/repositories/[id]/files/content - Security Bounds and Robustness Checks ΓÇ║ File Format Integrity & 
Binary Prevention ΓÇ║ Scenario 4.31: blocks preview requests for media extension .wav

    expect(received).toContain(expected) // indexOf

    Expected substring: "Binary files and media are not supported"
    Received string:    "Only text files are supported for file viewing"

    [0m [90m 184 |[39m
     [90m 185 |[39m       expect(response[33m.[39mstatus)[33m.[39mtoBe([35m400[39m)[33m;[39m
    [31m[1m>[22m[39m[90m 186 |[39m       expect(data[33m.[39merror)[33m.[39mtoContain([32m"Binary files and 
media are not supported"[39m)[33m;[39m
     [90m     |[39m                          [31m[1m^[22m[39m
     [90m 187 |[39m     }[33m;[39m
     [90m 188 |[39m
     [90m 189 |[39m     [90m// Images[39m[0m

      at toContain (app/api/repositories/[id]/files/content/__tests__/route.test.ts:186:26)
      at Object.<anonymous> (app/api/repositories/[id]/files/content/__tests__/route.test.ts:287:7)

  ΓùÅ GET /api/repositories/[id]/files/content - Security Bounds and Robustness Checks ΓÇ║ File Format Integrity & 
Binary Prevention ΓÇ║ Scenario 4.32: blocks preview requests for media extension .avi

    expect(received).toContain(expected) // indexOf

    Expected substring: "Binary files and media are not supported"
    Received string:    "Only text files are supported for file viewing"

    [0m [90m 184 |[39m
     [90m 185 |[39m       expect(response[33m.[39mstatus)[33m.[39mtoBe([35m400[39m)[33m;[39m
    [31m[1m>[22m[39m[90m 186 |[39m       expect(data[33m.[39merror)[33m.[39mtoContain([32m"Binary files and 
media are not supported"[39m)[33m;[39m
     [90m     |[39m                          [31m[1m^[22m[39m
     [90m 187 |[39m     }[33m;[39m
     [90m 188 |[39m
     [90m 189 |[39m     [90m// Images[39m[0m

      at toContain (app/api/repositories/[id]/files/content/__tests__/route.test.ts:186:26)
      at Object.<anonymous> (app/api/repositories/[id]/files/content/__tests__/route.test.ts:290:7)

  ΓùÅ GET /api/repositories/[id]/files/content - Security Bounds and Robustness Checks ΓÇ║ File Format Integrity & 
Binary Prevention ΓÇ║ Scenario 4.33: blocks preview requests for media extension .mkv

    expect(received).toContain(expected) // indexOf

    Expected substring: "Binary files and media are not supported"
    Received string:    "Only text files are supported for file viewing"

    [0m [90m 184 |[39m
     [90m 185 |[39m       expect(response[33m.[39mstatus)[33m.[39mtoBe([35m400[39m)[33m;[39m
    [31m[1m>[22m[39m[90m 186 |[39m       expect(data[33m.[39merror)[33m.[39mtoContain([32m"Binary files and 
media are not supported"[39m)[33m;[39m
     [90m     |[39m                          [31m[1m^[22m[39m
     [90m 187 |[39m     }[33m;[39m
     [90m 188 |[39m
     [90m 189 |[39m     [90m// Images[39m[0m

      at toContain (app/api/repositories/[id]/files/content/__tests__/route.test.ts:186:26)
      at Object.<anonymous> (app/api/repositories/[id]/files/content/__tests__/route.test.ts:293:7)

  ΓùÅ GET /api/repositories/[id]/files/content - Security Bounds and Robustness Checks ΓÇ║ File Format Integrity & 
Binary Prevention ΓÇ║ Scenario 4.34: blocks preview requests for media extension .mov

    expect(received).toContain(expected) // indexOf

    Expected substring: "Binary files and media are not supported"
    Received string:    "Only text files are supported for file viewing"

    [0m [90m 184 |[39m
     [90m 185 |[39m       expect(response[33m.[39mstatus)[33m.[39mtoBe([35m400[39m)[33m;[39m
    [31m[1m>[22m[39m[90m 186 |[39m       expect(data[33m.[39merror)[33m.[39mtoContain([32m"Binary files and 
media are not supported"[39m)[33m;[39m
     [90m     |[39m                          [31m[1m^[22m[39m
     [90m 187 |[39m     }[33m;[39m
     [90m 188 |[39m
     [90m 189 |[39m     [90m// Images[39m[0m

      at toContain (app/api/repositories/[id]/files/content/__tests__/route.test.ts:186:26)
      at Object.<anonymous> (app/api/repositories/[id]/files/content/__tests__/route.test.ts:296:7)

  ΓùÅ GET /api/repositories/[id]/files/content - Security Bounds and Robustness Checks ΓÇ║ File Format Integrity & 
Binary Prevention ΓÇ║ Scenario 4.35: blocks preview requests for font extension .woff

    expect(received).toContain(expected) // indexOf

    Expected substring: "Binary files and media are not supported"
    Received string:    "Only text files are supported for file viewing"

    [0m [90m 184 |[39m
     [90m 185 |[39m       expect(response[33m.[39mstatus)[33m.[39mtoBe([35m400[39m)[33m;[39m
    [31m[1m>[22m[39m[90m 186 |[39m       expect(data[33m.[39merror)[33m.[39mtoContain([32m"Binary files and 
media are not supported"[39m)[33m;[39m
     [90m     |[39m                          [31m[1m^[22m[39m
     [90m 187 |[39m     }[33m;[39m
     [90m 188 |[39m
     [90m 189 |[39m     [90m// Images[39m[0m

      at toContain (app/api/repositories/[id]/files/content/__tests__/route.test.ts:186:26)
      at Object.<anonymous> (app/api/repositories/[id]/files/content/__tests__/route.test.ts:301:7)

  ΓùÅ GET /api/repositories/[id]/files/content - Security Bounds and Robustness Checks ΓÇ║ File Format Integrity & 
Binary Prevention ΓÇ║ Scenario 4.36: blocks preview requests for font extension .woff2

    expect(received).toContain(expected) // indexOf

    Expected substring: "Binary files and media are not supported"
    Received string:    "Only text files are supported for file viewing"

    [0m [90m 184 |[39m
     [90m 185 |[39m       expect(response[33m.[39mstatus)[33m.[39mtoBe([35m400[39m)[33m;[39m
    [31m[1m>[22m[39m[90m 186 |[39m       expect(data[33m.[39merror)[33m.[39mtoContain([32m"Binary files and 
media are not supported"[39m)[33m;[39m
     [90m     |[39m                          [31m[1m^[22m[39m
     [90m 187 |[39m     }[33m;[39m
     [90m 188 |[39m
     [90m 189 |[39m     [90m// Images[39m[0m

      at toContain (app/api/repositories/[id]/files/content/__tests__/route.test.ts:186:26)
      at Object.<anonymous> (app/api/repositories/[id]/files/content/__tests__/route.test.ts:304:7)

  ΓùÅ GET /api/repositories/[id]/files/content - Security Bounds and Robustness Checks ΓÇ║ File Format Integrity & 
Binary Prevention ΓÇ║ Scenario 4.37: blocks preview requests for font extension .ttf

    expect(received).toContain(expected) // indexOf

    Expected substring: "Binary files and media are not supported"
    Received string:    "Only text files are supported for file viewing"

    [0m [90m 184 |[39m
     [90m 185 |[39m       expect(response[33m.[39mstatus)[33m.[39mtoBe([35m400[39m)[33m;[39m
    [31m[1m>[22m[39m[90m 186 |[39m       expect(data[33m.[39merror)[33m.[39mtoContain([32m"Binary files and 
media are not supported"[39m)[33m;[39m
     [90m     |[39m                          [31m[1m^[22m[39m
     [90m 187 |[39m     }[33m;[39m
     [90m 188 |[39m
     [90m 189 |[39m     [90m// Images[39m[0m

      at toContain (app/api/repositories/[id]/files/content/__tests__/route.test.ts:186:26)
      at Object.<anonymous> (app/api/repositories/[id]/files/content/__tests__/route.test.ts:307:7)

  ΓùÅ GET /api/repositories/[id]/files/content - Security Bounds and Robustness Checks ΓÇ║ File Format Integrity & 
Binary Prevention ΓÇ║ Scenario 4.38: blocks preview requests for font extension .eot

    expect(received).toContain(expected) // indexOf

    Expected substring: "Binary files and media are not supported"
    Received string:    "Only text files are supported for file viewing"

    [0m [90m 184 |[39m
     [90m 185 |[39m       expect(response[33m.[39mstatus)[33m.[39mtoBe([35m400[39m)[33m;[39m
    [31m[1m>[22m[39m[90m 186 |[39m       expect(data[33m.[39merror)[33m.[39mtoContain([32m"Binary files and 
media are not supported"[39m)[33m;[39m
     [90m     |[39m                          [31m[1m^[22m[39m
     [90m 187 |[39m     }[33m;[39m
     [90m 188 |[39m
     [90m 189 |[39m     [90m// Images[39m[0m

      at toContain (app/api/repositories/[id]/files/content/__tests__/route.test.ts:186:26)
      at Object.<anonymous> (app/api/repositories/[id]/files/content/__tests__/route.test.ts:310:7)

  ΓùÅ GET /api/repositories/[id]/files/content - Security Bounds and Robustness Checks ΓÇ║ File Format Integrity & 
Binary Prevention ΓÇ║ Scenario 4.39: blocks preview requests for font extension .otf

    expect(received).toContain(expected) // indexOf

    Expected substring: "Binary files and media are not supported"
    Received string:    "Only text files are supported for file viewing"

    [0m [90m 184 |[39m
     [90m 185 |[39m       expect(response[33m.[39mstatus)[33m.[39mtoBe([35m400[39m)[33m;[39m
    [31m[1m>[22m[39m[90m 186 |[39m       expect(data[33m.[39merror)[33m.[39mtoContain([32m"Binary files and 
media are not supported"[39m)[33m;[39m
     [90m     |[39m                          [31m[1m^[22m[39m
     [90m 187 |[39m     }[33m;[39m
     [90m 188 |[39m
     [90m 189 |[39m     [90m// Images[39m[0m

      at toContain (app/api/repositories/[id]/files/content/__tests__/route.test.ts:186:26)
      at Object.<anonymous> (app/api/repositories/[id]/files/content/__tests__/route.test.ts:313:7)

  ΓùÅ GET /api/repositories/[id]/files/content - Security Bounds and Robustness Checks ΓÇ║ Resource Exhaustion & 
Content Sizing Shield (DoS Mitigation) ΓÇ║ Scenario 5.1: limits file size gracefully using the HTTP Content-Length 
header

    expect(received).toBe(expected) // Object.is equality

    Expected: 400
    Received: 500

    [0m [90m 334 |[39m       [36mconst[39m data [33m=[39m [36mawait[39m response[33m.[39mjson()[33m;[39m
     [90m 335 |[39m
    [31m[1m>[22m[39m[90m 336 |[39m       
expect(response[33m.[39mstatus)[33m.[39mtoBe([35m400[39m)[33m;[39m
     [90m     |[39m                               [31m[1m^[22m[39m
     [90m 337 |[39m       expect(data[33m.[39merror)[33m.[39mtoContain([32m"File size exceeds 1MB 
limit"[39m)[33m;[39m
     [90m 338 |[39m     })[33m;[39m
     [90m 339 |[39m[0m

      at Object.toBe (app/api/repositories/[id]/files/content/__tests__/route.test.ts:336:31)

  ΓùÅ GET /api/repositories/[id]/files/content - Security Bounds and Robustness Checks ΓÇ║ Resource Exhaustion & 
Content Sizing Shield (DoS Mitigation) ΓÇ║ Scenario 5.2: checks actual text buffer sizing to prevent bypasses when 
Content-Length is missing

    expect(received).toBe(expected) // Object.is equality

    Expected: 400
    Received: 500

    [0m [90m 351 |[39m       [36mconst[39m data [33m=[39m [36mawait[39m response[33m.[39mjson()[33m;[39m
     [90m 352 |[39m
    [31m[1m>[22m[39m[90m 353 |[39m       
expect(response[33m.[39mstatus)[33m.[39mtoBe([35m400[39m)[33m;[39m
     [90m     |[39m                               [31m[1m^[22m[39m
     [90m 354 |[39m       expect(data[33m.[39merror)[33m.[39mtoContain([32m"File size exceeds 1MB 
limit"[39m)[33m;[39m
     [90m 355 |[39m     })[33m;[39m
     [90m 356 |[39m[0m

      at Object.toBe (app/api/repositories/[id]/files/content/__tests__/route.test.ts:353:31)

  ΓùÅ GET /api/repositories/[id]/files/content - Security Bounds and Robustness Checks ΓÇ║ Resource Exhaustion & 
Content Sizing Shield (DoS Mitigation) ΓÇ║ Scenario 5.3: permits files that are exactly at the 1MB boundary limit

    expect(received).toBe(expected) // Object.is equality

    Expected: 200
    Received: 500

    [0m [90m 371 |[39m       [36mconst[39m request [33m=[39m [36mnew[39m 
[33mNextRequest[39m([32m"http://localhost/api/repositories/1/files/content?path=src/index.js"[39m)[33m;[39m
     [90m 372 |[39m       [36mconst[39m response [33m=[39m [36mawait[39m [33mGET[39m(request[33m,[39m { 
params[33m:[39m { id[33m:[39m [32m"1"[39m } })[33m;[39m
    [31m[1m>[22m[39m[90m 373 |[39m       
expect(response[33m.[39mstatus)[33m.[39mtoBe([35m200[39m)[33m;[39m
     [90m     |[39m                               [31m[1m^[22m[39m
     [90m 374 |[39m     })[33m;[39m
     [90m 375 |[39m   })[33m;[39m
     [90m 376 |[39m[0m

      at Object.toBe (app/api/repositories/[id]/files/content/__tests__/route.test.ts:373:31)

  ΓùÅ GET /api/repositories/[id]/files/content - Security Bounds and Robustness Checks ΓÇ║ API Error Handling and 
Resilience Modes ΓÇ║ Scenario 6.1: handles GitHub 404 response gracefully

    expect(received).toBe(expected) // Object.is equality

    Expected: 404
    Received: 500

    [0m [90m 387 |[39m       [36mconst[39m data [33m=[39m [36mawait[39m response[33m.[39mjson()[33m;[39m
     [90m 388 |[39m
    [31m[1m>[22m[39m[90m 389 |[39m       
expect(response[33m.[39mstatus)[33m.[39mtoBe([35m404[39m)[33m;[39m
     [90m     |[39m                               [31m[1m^[22m[39m
     [90m 390 |[39m       expect(data[33m.[39merror)[33m.[39mtoContain([32m"File not found on 
GitHub"[39m)[33m;[39m
     [90m 391 |[39m     })[33m;[39m
     [90m 392 |[39m[0m

      at Object.toBe (app/api/repositories/[id]/files/content/__tests__/route.test.ts:389:31)

  ΓùÅ GET /api/repositories/[id]/files/content - Security Bounds and Robustness Checks ΓÇ║ API Error Handling and 
Resilience Modes ΓÇ║ Scenario 6.2: handles unexpected general GitHub API errors properly

    expect(received).toBe(expected) // Object.is equality

    Expected: 503
    Received: 500

    [0m [90m 402 |[39m       [36mconst[39m data [33m=[39m [36mawait[39m response[33m.[39mjson()[33m;[39m
     [90m 403 |[39m
    [31m[1m>[22m[39m[90m 404 |[39m       
expect(response[33m.[39mstatus)[33m.[39mtoBe([35m503[39m)[33m;[39m
     [90m     |[39m                               [31m[1m^[22m[39m
     [90m 405 |[39m       expect(data[33m.[39merror)[33m.[39mtoContain([32m"GitHub API error: Service 
Unavailable"[39m)[33m;[39m
     [90m 406 |[39m     })[33m;[39m
     [90m 407 |[39m[0m

      at Object.toBe (app/api/repositories/[id]/files/content/__tests__/route.test.ts:404:31)

  ΓùÅ GET /api/repositories/[id]/files/content - Security Bounds and Robustness Checks ΓÇ║ API Error Handling and 
Resilience Modes ΓÇ║ Scenario 6.4: handles GitHub 403 Forbidden response gracefully

    expect(received).toBe(expected) // Object.is equality

    Expected: 403
    Received: 500

    [0m [90m 430 |[39m       [36mconst[39m data [33m=[39m [36mawait[39m response[33m.[39mjson()[33m;[39m
     [90m 431 |[39m
    [31m[1m>[22m[39m[90m 432 |[39m       
expect(response[33m.[39mstatus)[33m.[39mtoBe([35m403[39m)[33m;[39m
     [90m     |[39m                               [31m[1m^[22m[39m
     [90m 433 |[39m       expect(data[33m.[39merror)[33m.[39mtoContain([32m"GitHub API error: 
Forbidden"[39m)[33m;[39m
     [90m 434 |[39m     })[33m;[39m
     [90m 435 |[39m[0m

      at Object.toBe (app/api/repositories/[id]/files/content/__tests__/route.test.ts:432:31)

  ΓùÅ GET /api/repositories/[id]/files/content - Security Bounds and Robustness Checks ΓÇ║ API Error Handling and 
Resilience Modes ΓÇ║ Scenario 6.5: handles GitHub 502 Bad Gateway response gracefully

    expect(received).toBe(expected) // Object.is equality

    Expected: 502
    Received: 500

    [0m [90m 445 |[39m       [36mconst[39m data [33m=[39m [36mawait[39m response[33m.[39mjson()[33m;[39m
     [90m 446 |[39m
    [31m[1m>[22m[39m[90m 447 |[39m       
expect(response[33m.[39mstatus)[33m.[39mtoBe([35m502[39m)[33m;[39m
     [90m     |[39m                               [31m[1m^[22m[39m
     [90m 448 |[39m       expect(data[33m.[39merror)[33m.[39mtoContain([32m"GitHub API error: Bad 
Gateway"[39m)[33m;[39m
     [90m 449 |[39m     })[33m;[39m
     [90m 450 |[39m   })[33m;[39m[0m

      at Object.toBe (app/api/repositories/[id]/files/content/__tests__/route.test.ts:447:31)

  ΓùÅ GET /api/repositories/[id]/files/content - Security Bounds and Robustness Checks ΓÇ║ Encoding Integrity & Path 
Segments Injection Safeguard ΓÇ║ Scenario 8.1: verifies path segments are individually url-encoded correctly

    expect(received).toBe(expected) // Object.is equality

    Expected: 200
    Received: 400

    [0m [90m 485 |[39m       [36mconst[39m request [33m=[39m [36mnew[39m 
[33mNextRequest[39m([32m"http://localhost/api/repositories/1/files/content?path=src/folder name with 
spaces/index.js"[39m)[33m;[39m
     [90m 486 |[39m       [36mconst[39m response [33m=[39m [36mawait[39m [33mGET[39m(request[33m,[39m { 
params[33m:[39m { id[33m:[39m [32m"1"[39m } })[33m;[39m
    [31m[1m>[22m[39m[90m 487 |[39m       
expect(response[33m.[39mstatus)[33m.[39mtoBe([35m200[39m)[33m;[39m
     [90m     |[39m                               [31m[1m^[22m[39m
     [90m 488 |[39m
     [90m 489 |[39m       [90m// Verify that individual path segments are encoded correctly[39m
     [90m 490 |[39m       expect(fetchSpy)[33m.[39mtoHaveBeenCalledWith([0m

      at Object.toBe (app/api/repositories/[id]/files/content/__tests__/route.test.ts:487:31)

  ΓùÅ GET /api/repositories/[id]/files/content - Security Bounds and Robustness Checks ΓÇ║ Encoding Integrity & Path 
Segments Injection Safeguard ΓÇ║ Scenario 8.2: double encoding bypass verification

    expect(received).toContain(expected) // indexOf

    Expected substring: "Path traversal detected"
    Received string:    "File path contains invalid characters"

    [0m [90m 505 |[39m       [90m// It should either be blocked by validateFilePath (which splits and checks) or 
safely double encoded by the segment encoder[39m
     [90m 506 |[39m       expect(response[33m.[39mstatus)[33m.[39mtoBe([35m400[39m)[33m;[39m
    [31m[1m>[22m[39m[90m 507 |[39m       expect(data[33m.[39merror)[33m.[39mtoContain([32m"Path traversal 
detected"[39m)[33m;[39m
     [90m     |[39m                          [31m[1m^[22m[39m
     [90m 508 |[39m     })[33m;[39m
     [90m 509 |[39m   })[33m;[39m
     [90m 510 |[39m[0m

      at Object.toContain (app/api/repositories/[id]/files/content/__tests__/route.test.ts:507:26)

  ΓùÅ GET /api/repositories/[id]/files/content - Security Bounds and Robustness Checks ΓÇ║ Scenario 9: Edge Cases and 
Complex File Names Verification ΓÇ║ Scenario 9.2: permits files with single dot paths that are valid (e.g. 
src/./index.js)

    expect(received).toBe(expected) // Object.is equality

    Expected: 200
    Received: 400

    [0m [90m 519 |[39m       [36mconst[39m request [33m=[39m [36mnew[39m 
[33mNextRequest[39m([32m"http://localhost/api/repositories/1/files/content?path=src/./index.js"[39m)[33m;[39m
     [90m 520 |[39m       [36mconst[39m response [33m=[39m [36mawait[39m [33mGET[39m(request[33m,[39m { 
params[33m:[39m { id[33m:[39m [32m"1"[39m } })[33m;[39m
    [31m[1m>[22m[39m[90m 521 |[39m       
expect(response[33m.[39mstatus)[33m.[39mtoBe([35m200[39m)[33m;[39m
     [90m     |[39m                               [31m[1m^[22m[39m
     [90m 522 |[39m     })[33m;[39m
     [90m 523 |[39m
     [90m 524 |[39m     it([32m"Scenario 9.3: blocks long path names exceeding bounds safely"[39m[33m,[39m 
[36masync[39m () [33m=>[39m {[0m

      at Object.toBe (app/api/repositories/[id]/files/content/__tests__/route.test.ts:521:31)

  ΓùÅ GET /api/repositories/[id]/files/content - Security Bounds and Robustness Checks ΓÇ║ Scenario 9: Edge Cases and 
Complex File Names Verification ΓÇ║ Scenario 9.3: blocks long path names exceeding bounds safely

    expect(received).toBe(expected) // Object.is equality

    Expected: 200
    Received: 500

    [0m [90m 526 |[39m       [36mconst[39m request [33m=[39m [36mnew[39m 
[33mNextRequest[39m([32m`http://localhost/api/repositories/1/files/content?path=${longPathName}`[39m)[33m;[39m
     [90m 527 |[39m       [36mconst[39m response [33m=[39m [36mawait[39m [33mGET[39m(request[33m,[39m { 
params[33m:[39m { id[33m:[39m [32m"1"[39m } })[33m;[39m
    [31m[1m>[22m[39m[90m 528 |[39m       
expect(response[33m.[39mstatus)[33m.[39mtoBe([35m200[39m)[33m;[39m
     [90m     |[39m                               [31m[1m^[22m[39m
     [90m 529 |[39m     })[33m;[39m
     [90m 530 |[39m   })[33m;[39m
     [90m 531 |[39m[0m

      at Object.toBe (app/api/repositories/[id]/files/content/__tests__/route.test.ts:528:31)

  ΓùÅ GET /api/repositories/[id]/files/content - Security Bounds and Robustness Checks ΓÇ║ Scenario 10: Whitelist 
Integrity & Allowed File Formats Verification ΓÇ║ Scenario 10.1: allows previewing .txt files

    expect(received).toBe(expected) // Object.is equality

    Expected: 200
    Received: 500

    [0m [90m 534 |[39m       [36mconst[39m request [33m=[39m [36mnew[39m 
[33mNextRequest[39m([32m`http://localhost/api/repositories/1/files/content?path=src/file.${ext}`[39m)[33m;[39m
     [90m 535 |[39m       [36mconst[39m response [33m=[39m [36mawait[39m [33mGET[39m(request[33m,[39m { 
params[33m:[39m { id[33m:[39m [32m"1"[39m } })[33m;[39m
    [31m[1m>[22m[39m[90m 536 |[39m       
expect(response[33m.[39mstatus)[33m.[39mtoBe([35m200[39m)[33m;[39m
     [90m     |[39m                               [31m[1m^[22m[39m
     [90m 537 |[39m     }[33m;[39m
     [90m 538 |[39m
     [90m 539 |[39m     it([32m"Scenario 10.1: allows previewing .txt files"[39m[33m,[39m [36masync[39m () 
[33m=>[39m {[0m

      at toBe (app/api/repositories/[id]/files/content/__tests__/route.test.ts:536:31)
      at Object.<anonymous> (app/api/repositories/[id]/files/content/__tests__/route.test.ts:540:7)

  ΓùÅ GET /api/repositories/[id]/files/content - Security Bounds and Robustness Checks ΓÇ║ Scenario 10: Whitelist 
Integrity & Allowed File Formats Verification ΓÇ║ Scenario 10.2: allows previewing .md files

    expect(received).toBe(expected) // Object.is equality

    Expected: 200
    Received: 500

    [0m [90m 534 |[39m       [36mconst[39m request [33m=[39m [36mnew[39m 
[33mNextRequest[39m([32m`http://localhost/api/repositories/1/files/content?path=src/file.${ext}`[39m)[33m;[39m
     [90m 535 |[39m       [36mconst[39m response [33m=[39m [36mawait[39m [33mGET[39m(request[33m,[39m { 
params[33m:[39m { id[33m:[39m [32m"1"[39m } })[33m;[39m
    [31m[1m>[22m[39m[90m 536 |[39m       
expect(response[33m.[39mstatus)[33m.[39mtoBe([35m200[39m)[33m;[39m
     [90m     |[39m                               [31m[1m^[22m[39m
     [90m 537 |[39m     }[33m;[39m
     [90m 538 |[39m
     [90m 539 |[39m     it([32m"Scenario 10.1: allows previewing .txt files"[39m[33m,[39m [36masync[39m () 
[33m=>[39m {[0m

      at toBe (app/api/repositories/[id]/files/content/__tests__/route.test.ts:536:31)
      at Object.<anonymous> (app/api/repositories/[id]/files/content/__tests__/route.test.ts:543:7)

  ΓùÅ GET /api/repositories/[id]/files/content - Security Bounds and Robustness Checks ΓÇ║ Scenario 10: Whitelist 
Integrity & Allowed File Formats Verification ΓÇ║ Scenario 10.3: allows previewing .json files

    expect(received).toBe(expected) // Object.is equality

    Expected: 200
    Received: 500

    [0m [90m 534 |[39m       [36mconst[39m request [33m=[39m [36mnew[39m 
[33mNextRequest[39m([32m`http://localhost/api/repositories/1/files/content?path=src/file.${ext}`[39m)[33m;[39m
     [90m 535 |[39m       [36mconst[39m response [33m=[39m [36mawait[39m [33mGET[39m(request[33m,[39m { 
params[33m:[39m { id[33m:[39m [32m"1"[39m } })[33m;[39m
    [31m[1m>[22m[39m[90m 536 |[39m       
expect(response[33m.[39mstatus)[33m.[39mtoBe([35m200[39m)[33m;[39m
     [90m     |[39m                               [31m[1m^[22m[39m
     [90m 537 |[39m     }[33m;[39m
     [90m 538 |[39m
     [90m 539 |[39m     it([32m"Scenario 10.1: allows previewing .txt files"[39m[33m,[39m [36masync[39m () 
[33m=>[39m {[0m

      at toBe (app/api/repositories/[id]/files/content/__tests__/route.test.ts:536:31)
      at Object.<anonymous> (app/api/repositories/[id]/files/content/__tests__/route.test.ts:546:7)

  ΓùÅ GET /api/repositories/[id]/files/content - Security Bounds and Robustness Checks ΓÇ║ Scenario 10: Whitelist 
Integrity & Allowed File Formats Verification ΓÇ║ Scenario 10.4: allows previewing .yml files

    expect(received).toBe(expected) // Object.is equality

    Expected: 200
    Received: 500

    [0m [90m 534 |[39m       [36mconst[39m request [33m=[39m [36mnew[39m 
[33mNextRequest[39m([32m`http://localhost/api/repositories/1/files/content?path=src/file.${ext}`[39m)[33m;[39m
     [90m 535 |[39m       [36mconst[39m response [33m=[39m [36mawait[39m [33mGET[39m(request[33m,[39m { 
params[33m:[39m { id[33m:[39m [32m"1"[39m } })[33m;[39m
    [31m[1m>[22m[39m[90m 536 |[39m       
expect(response[33m.[39mstatus)[33m.[39mtoBe([35m200[39m)[33m;[39m
     [90m     |[39m                               [31m[1m^[22m[39m
     [90m 537 |[39m     }[33m;[39m
     [90m 538 |[39m
     [90m 539 |[39m     it([32m"Scenario 10.1: allows previewing .txt files"[39m[33m,[39m [36masync[39m () 
[33m=>[39m {[0m

      at toBe (app/api/repositories/[id]/files/content/__tests__/route.test.ts:536:31)
      at Object.<anonymous> (app/api/repositories/[id]/files/content/__tests__/route.test.ts:549:7)

  ΓùÅ GET /api/repositories/[id]/files/content - Security Bounds and Robustness Checks ΓÇ║ Scenario 10: Whitelist 
Integrity & Allowed File Formats Verification ΓÇ║ Scenario 10.5: allows previewing .yaml files

    expect(received).toBe(expected) // Object.is equality

    Expected: 200
    Received: 500

    [0m [90m 534 |[39m       [36mconst[39m request [33m=[39m [36mnew[39m 
[33mNextRequest[39m([32m`http://localhost/api/repositories/1/files/content?path=src/file.${ext}`[39m)[33m;[39m
     [90m 535 |[39m       [36mconst[39m response [33m=[39m [36mawait[39m [33mGET[39m(request[33m,[39m { 
params[33m:[39m { id[33m:[39m [32m"1"[39m } })[33m;[39m
    [31m[1m>[22m[39m[90m 536 |[39m       
expect(response[33m.[39mstatus)[33m.[39mtoBe([35m200[39m)[33m;[39m
     [90m     |[39m                               [31m[1m^[22m[39m
     [90m 537 |[39m     }[33m;[39m
     [90m 538 |[39m
     [90m 539 |[39m     it([32m"Scenario 10.1: allows previewing .txt files"[39m[33m,[39m [36masync[39m () 
[33m=>[39m {[0m

      at toBe (app/api/repositories/[id]/files/content/__tests__/route.test.ts:536:31)
      at Object.<anonymous> (app/api/repositories/[id]/files/content/__tests__/route.test.ts:552:7)

  ΓùÅ GET /api/repositories/[id]/files/content - Security Bounds and Robustness Checks ΓÇ║ Scenario 10: Whitelist 
Integrity & Allowed File Formats Verification ΓÇ║ Scenario 10.6: allows previewing .js files

    expect(received).toBe(expected) // Object.is equality

    Expected: 200
    Received: 500

    [0m [90m 534 |[39m       [36mconst[39m request [33m=[39m [36mnew[39m 
[33mNextRequest[39m([32m`http://localhost/api/repositories/1/files/content?path=src/file.${ext}`[39m)[33m;[39m
     [90m 535 |[39m       [36mconst[39m response [33m=[39m [36mawait[39m [33mGET[39m(request[33m,[39m { 
params[33m:[39m { id[33m:[39m [32m"1"[39m } })[33m;[39m
    [31m[1m>[22m[39m[90m 536 |[39m       
expect(response[33m.[39mstatus)[33m.[39mtoBe([35m200[39m)[33m;[39m
     [90m     |[39m                               [31m[1m^[22m[39m
     [90m 537 |[39m     }[33m;[39m
     [90m 538 |[39m
     [90m 539 |[39m     it([32m"Scenario 10.1: allows previewing .txt files"[39m[33m,[39m [36masync[39m () 
[33m=>[39m {[0m

      at toBe (app/api/repositories/[id]/files/content/__tests__/route.test.ts:536:31)
      at Object.<anonymous> (app/api/repositories/[id]/files/content/__tests__/route.test.ts:555:7)

  ΓùÅ GET /api/repositories/[id]/files/content - Security Bounds and Robustness Checks ΓÇ║ Scenario 10: Whitelist 
Integrity & Allowed File Formats Verification ΓÇ║ Scenario 10.7: allows previewing .ts files

    expect(received).toBe(expected) // Object.is equality

    Expected: 200
    Received: 500

    [0m [90m 534 |[39m       [36mconst[39m request [33m=[39m [36mnew[39m 
[33mNextRequest[39m([32m`http://localhost/api/repositories/1/files/content?path=src/file.${ext}`[39m)[33m;[39m
     [90m 535 |[39m       [36mconst[39m response [33m=[39m [36mawait[39m [33mGET[39m(request[33m,[39m { 
params[33m:[39m { id[33m:[39m [32m"1"[39m } })[33m;[39m
    [31m[1m>[22m[39m[90m 536 |[39m       
expect(response[33m.[39mstatus)[33m.[39mtoBe([35m200[39m)[33m;[39m
     [90m     |[39m                               [31m[1m^[22m[39m
     [90m 537 |[39m     }[33m;[39m
     [90m 538 |[39m
     [90m 539 |[39m     it([32m"Scenario 10.1: allows previewing .txt files"[39m[33m,[39m [36masync[39m () 
[33m=>[39m {[0m

      at toBe (app/api/repositories/[id]/files/content/__tests__/route.test.ts:536:31)
      at Object.<anonymous> (app/api/repositories/[id]/files/content/__tests__/route.test.ts:558:7)

  ΓùÅ GET /api/repositories/[id]/files/content - Security Bounds and Robustness Checks ΓÇ║ Scenario 10: Whitelist 
Integrity & Allowed File Formats Verification ΓÇ║ Scenario 10.8: allows previewing .tsx files

    expect(received).toBe(expected) // Object.is equality

    Expected: 200
    Received: 500

    [0m [90m 534 |[39m       [36mconst[39m request [33m=[39m [36mnew[39m 
[33mNextRequest[39m([32m`http://localhost/api/repositories/1/files/content?path=src/file.${ext}`[39m)[33m;[39m
     [90m 535 |[39m       [36mconst[39m response [33m=[39m [36mawait[39m [33mGET[39m(request[33m,[39m { 
params[33m:[39m { id[33m:[39m [32m"1"[39m } })[33m;[39m
    [31m[1m>[22m[39m[90m 536 |[39m       
expect(response[33m.[39mstatus)[33m.[39mtoBe([35m200[39m)[33m;[39m
     [90m     |[39m                               [31m[1m^[22m[39m
     [90m 537 |[39m     }[33m;[39m
     [90m 538 |[39m
     [90m 539 |[39m     it([32m"Scenario 10.1: allows previewing .txt files"[39m[33m,[39m [36masync[39m () 
[33m=>[39m {[0m

      at toBe (app/api/repositories/[id]/files/content/__tests__/route.test.ts:536:31)
      at Object.<anonymous> (app/api/repositories/[id]/files/content/__tests__/route.test.ts:561:7)

  ΓùÅ GET /api/repositories/[id]/files/content - Security Bounds and Robustness Checks ΓÇ║ Scenario 10: Whitelist 
Integrity & Allowed File Formats Verification ΓÇ║ Scenario 10.9: allows previewing .jsx files

    expect(received).toBe(expected) // Object.is equality

    Expected: 200
    Received: 500

    [0m [90m 534 |[39m       [36mconst[39m request [33m=[39m [36mnew[39m 
[33mNextRequest[39m([32m`http://localhost/api/repositories/1/files/content?path=src/file.${ext}`[39m)[33m;[39m
     [90m 535 |[39m       [36mconst[39m response [33m=[39m [36mawait[39m [33mGET[39m(request[33m,[39m { 
params[33m:[39m { id[33m:[39m [32m"1"[39m } })[33m;[39m
    [31m[1m>[22m[39m[90m 536 |[39m       
expect(response[33m.[39mstatus)[33m.[39mtoBe([35m200[39m)[33m;[39m
     [90m     |[39m                               [31m[1m^[22m[39m
     [90m 537 |[39m     }[33m;[39m
     [90m 538 |[39m
     [90m 539 |[39m     it([32m"Scenario 10.1: allows previewing .txt files"[39m[33m,[39m [36masync[39m () 
[33m=>[39m {[0m

      at toBe (app/api/repositories/[id]/files/content/__tests__/route.test.ts:536:31)
      at Object.<anonymous> (app/api/repositories/[id]/files/content/__tests__/route.test.ts:564:7)

  ΓùÅ GET /api/repositories/[id]/files/content - Security Bounds and Robustness Checks ΓÇ║ Scenario 10: Whitelist 
Integrity & Allowed File Formats Verification ΓÇ║ Scenario 10.10: allows previewing .html files

    expect(received).toBe(expected) // Object.is equality

    Expected: 200
    Received: 500

    [0m [90m 534 |[39m       [36mconst[39m request [33m=[39m [36mnew[39m 
[33mNextRequest[39m([32m`http://localhost/api/repositories/1/files/content?path=src/file.${ext}`[39m)[33m;[39m
     [90m 535 |[39m       [36mconst[39m response [33m=[39m [36mawait[39m [33mGET[39m(request[33m,[39m { 
params[33m:[39m { id[33m:[39m [32m"1"[39m } })[33m;[39m
    [31m[1m>[22m[39m[90m 536 |[39m       
expect(response[33m.[39mstatus)[33m.[39mtoBe([35m200[39m)[33m;[39m
     [90m     |[39m                               [31m[1m^[22m[39m
     [90m 537 |[39m     }[33m;[39m
     [90m 538 |[39m
     [90m 539 |[39m     it([32m"Scenario 10.1: allows previewing .txt files"[39m[33m,[39m [36masync[39m () 
[33m=>[39m {[0m

      at toBe (app/api/repositories/[id]/files/content/__tests__/route.test.ts:536:31)
      at Object.<anonymous> (app/api/repositories/[id]/files/content/__tests__/route.test.ts:567:7)

  ΓùÅ GET /api/repositories/[id]/files/content - Security Bounds and Robustness Checks ΓÇ║ Scenario 10: Whitelist 
Integrity & Allowed File Formats Verification ΓÇ║ Scenario 10.11: allows previewing .css files

    expect(received).toBe(expected) // Object.is equality

    Expected: 200
    Received: 500

    [0m [90m 534 |[39m       [36mconst[39m request [33m=[39m [36mnew[39m 
[33mNextRequest[39m([32m`http://localhost/api/repositories/1/files/content?path=src/file.${ext}`[39m)[33m;[39m
     [90m 535 |[39m       [36mconst[39m response [33m=[39m [36mawait[39m [33mGET[39m(request[33m,[39m { 
params[33m:[39m { id[33m:[39m [32m"1"[39m } })[33m;[39m
    [31m[1m>[22m[39m[90m 536 |[39m       
expect(response[33m.[39mstatus)[33m.[39mtoBe([35m200[39m)[33m;[39m
     [90m     |[39m                               [31m[1m^[22m[39m
     [90m 537 |[39m     }[33m;[39m
     [90m 538 |[39m
     [90m 539 |[39m     it([32m"Scenario 10.1: allows previewing .txt files"[39m[33m,[39m [36masync[39m () 
[33m=>[39m {[0m

      at toBe (app/api/repositories/[id]/files/content/__tests__/route.test.ts:536:31)
      at Object.<anonymous> (app/api/repositories/[id]/files/content/__tests__/route.test.ts:570:7)

  ΓùÅ GET /api/repositories/[id]/files/content - Security Bounds and Robustness Checks ΓÇ║ Scenario 10: Whitelist 
Integrity & Allowed File Formats Verification ΓÇ║ Scenario 10.12: allows previewing .scss files

    expect(received).toBe(expected) // Object.is equality

    Expected: 200
    Received: 500

    [0m [90m 534 |[39m       [36mconst[39m request [33m=[39m [36mnew[39m 
[33mNextRequest[39m([32m`http://localhost/api/repositories/1/files/content?path=src/file.${ext}`[39m)[33m;[39m
     [90m 535 |[39m       [36mconst[39m response [33m=[39m [36mawait[39m [33mGET[39m(request[33m,[39m { 
params[33m:[39m { id[33m:[39m [32m"1"[39m } })[33m;[39m
    [31m[1m>[22m[39m[90m 536 |[39m       
expect(response[33m.[39mstatus)[33m.[39mtoBe([35m200[39m)[33m;[39m
     [90m     |[39m                               [31m[1m^[22m[39m
     [90m 537 |[39m     }[33m;[39m
     [90m 538 |[39m
     [90m 539 |[39m     it([32m"Scenario 10.1: allows previewing .txt files"[39m[33m,[39m [36masync[39m () 
[33m=>[39m {[0m

      at toBe (app/api/repositories/[id]/files/content/__tests__/route.test.ts:536:31)
      at Object.<anonymous> (app/api/repositories/[id]/files/content/__tests__/route.test.ts:573:7)

  ΓùÅ GET /api/repositories/[id]/files/content - Security Bounds and Robustness Checks ΓÇ║ Scenario 10: Whitelist 
Integrity & Allowed File Formats Verification ΓÇ║ Scenario 10.13: allows previewing .py files

    expect(received).toBe(expected) // Object.is equality

    Expected: 200
    Received: 500

    [0m [90m 534 |[39m       [36mconst[39m request [33m=[39m [36mnew[39m 
[33mNextRequest[39m([32m`http://localhost/api/repositories/1/files/content?path=src/file.${ext}`[39m)[33m;[39m
     [90m 535 |[39m       [36mconst[39m response [33m=[39m [36mawait[39m [33mGET[39m(request[33m,[39m { 
params[33m:[39m { id[33m:[39m [32m"1"[39m } })[33m;[39m
    [31m[1m>[22m[39m[90m 536 |[39m       
expect(response[33m.[39mstatus)[33m.[39mtoBe([35m200[39m)[33m;[39m
     [90m     |[39m                               [31m[1m^[22m[39m
     [90m 537 |[39m     }[33m;[39m
     [90m 538 |[39m
     [90m 539 |[39m     it([32m"Scenario 10.1: allows previewing .txt files"[39m[33m,[39m [36masync[39m () 
[33m=>[39m {[0m

      at toBe (app/api/repositories/[id]/files/content/__tests__/route.test.ts:536:31)
      at Object.<anonymous> (app/api/repositories/[id]/files/content/__tests__/route.test.ts:576:7)

  ΓùÅ GET /api/repositories/[id]/files/content - Security Bounds and Robustness Checks ΓÇ║ Scenario 10: Whitelist 
Integrity & Allowed File Formats Verification ΓÇ║ Scenario 10.14: allows previewing .go files

    expect(received).toBe(expected) // Object.is equality

    Expected: 200
    Received: 500

    [0m [90m 534 |[39m       [36mconst[39m request [33m=[39m [36mnew[39m 
[33mNextRequest[39m([32m`http://localhost/api/repositories/1/files/content?path=src/file.${ext}`[39m)[33m;[39m
     [90m 535 |[39m       [36mconst[39m response [33m=[39m [36mawait[39m [33mGET[39m(request[33m,[39m { 
params[33m:[39m { id[33m:[39m [32m"1"[39m } })[33m;[39m
    [31m[1m>[22m[39m[90m 536 |[39m       
expect(response[33m.[39mstatus)[33m.[39mtoBe([35m200[39m)[33m;[39m
     [90m     |[39m                               [31m[1m^[22m[39m
     [90m 537 |[39m     }[33m;[39m
     [90m 538 |[39m
     [90m 539 |[39m     it([32m"Scenario 10.1: allows previewing .txt files"[39m[33m,[39m [36masync[39m () 
[33m=>[39m {[0m

      at toBe (app/api/repositories/[id]/files/content/__tests__/route.test.ts:536:31)
      at Object.<anonymous> (app/api/repositories/[id]/files/content/__tests__/route.test.ts:579:7)

  ΓùÅ GET /api/repositories/[id]/files/content - Security Bounds and Robustness Checks ΓÇ║ Scenario 10: Whitelist 
Integrity & Allowed File Formats Verification ΓÇ║ Scenario 10.15: allows previewing .toml files

    expect(received).toBe(expected) // Object.is equality

    Expected: 200
    Received: 500

    [0m [90m 534 |[39m       [36mconst[39m request [33m=[39m [36mnew[39m 
[33mNextRequest[39m([32m`http://localhost/api/repositories/1/files/content?path=src/file.${ext}`[39m)[33m;[39m
     [90m 535 |[39m       [36mconst[39m response [33m=[39m [36mawait[39m [33mGET[39m(request[33m,[39m { 
params[33m:[39m { id[33m:[39m [32m"1"[39m } })[33m;[39m
    [31m[1m>[22m[39m[90m 536 |[39m       
expect(response[33m.[39mstatus)[33m.[39mtoBe([35m200[39m)[33m;[39m
     [90m     |[39m                               [31m[1m^[22m[39m
     [90m 537 |[39m     }[33m;[39m
     [90m 538 |[39m
     [90m 539 |[39m     it([32m"Scenario 10.1: allows previewing .txt files"[39m[33m,[39m [36masync[39m () 
[33m=>[39m {[0m

      at toBe (app/api/repositories/[id]/files/content/__tests__/route.test.ts:536:31)
      at Object.<anonymous> (app/api/repositories/[id]/files/content/__tests__/route.test.ts:582:7)

  ΓùÅ GET /api/repositories/[id]/files/content - Security Bounds and Robustness Checks ΓÇ║ Scenario 10: Whitelist 
Integrity & Allowed File Formats Verification ΓÇ║ Scenario 10.16: allows previewing .sql files

    expect(received).toBe(expected) // Object.is equality

    Expected: 200
    Received: 500

    [0m [90m 534 |[39m       [36mconst[39m request [33m=[39m [36mnew[39m 
[33mNextRequest[39m([32m`http://localhost/api/repositories/1/files/content?path=src/file.${ext}`[39m)[33m;[39m
     [90m 535 |[39m       [36mconst[39m response [33m=[39m [36mawait[39m [33mGET[39m(request[33m,[39m { 
params[33m:[39m { id[33m:[39m [32m"1"[39m } })[33m;[39m
    [31m[1m>[22m[39m[90m 536 |[39m       
expect(response[33m.[39mstatus)[33m.[39mtoBe([35m200[39m)[33m;[39m
     [90m     |[39m                               [31m[1m^[22m[39m
     [90m 537 |[39m     }[33m;[39m
     [90m 538 |[39m
     [90m 539 |[39m     it([32m"Scenario 10.1: allows previewing .txt files"[39m[33m,[39m [36masync[39m () 
[33m=>[39m {[0m

      at toBe (app/api/repositories/[id]/files/content/__tests__/route.test.ts:536:31)
      at Object.<anonymous> (app/api/repositories/[id]/files/content/__tests__/route.test.ts:585:7)

  ΓùÅ GET /api/repositories/[id]/files/content - Security Bounds and Robustness Checks ΓÇ║ Scenario 11: Extreme Path 
Sanitization Boundaries ΓÇ║ Scenario 11.1: processes paths with trailing special characters gracefully

    expect(received).toBe(expected) // Object.is equality

    Expected: 200
    Received: 400

    [0m [90m 591 |[39m       [36mconst[39m request [33m=[39m [36mnew[39m 
[33mNextRequest[39m([32m"http://localhost/api/repositories/1/files/content?path=src/index.js?v=1"[39m)[33m;[39m
     [90m 592 |[39m       [36mconst[39m response [33m=[39m [36mawait[39m [33mGET[39m(request[33m,[39m { 
params[33m:[39m { id[33m:[39m [32m"1"[39m } })[33m;[39m
    [31m[1m>[22m[39m[90m 593 |[39m       
expect(response[33m.[39mstatus)[33m.[39mtoBe([35m200[39m)[33m;[39m
     [90m     |[39m                               [31m[1m^[22m[39m
     [90m 594 |[39m     })[33m;[39m
     [90m 595 |[39m
     [90m 596 |[39m     it([32m"Scenario 11.2: processes paths containing hash tags gracefully"[39m[33m,[39m 
[36masync[39m () [33m=>[39m {[0m

      at Object.toBe (app/api/repositories/[id]/files/content/__tests__/route.test.ts:593:31)

  ΓùÅ GET /api/repositories/[id]/files/content - Security Bounds and Robustness Checks ΓÇ║ Scenario 11: Extreme Path 
Sanitization Boundaries ΓÇ║ Scenario 11.2: processes paths containing hash tags gracefully

    expect(received).toBe(expected) // Object.is equality

    Expected: 200
    Received: 500

    [0m [90m 597 |[39m       [36mconst[39m request [33m=[39m [36mnew[39m 
[33mNextRequest[39m([32m"http://localhost/api/repositories/1/files/content?path=src/index.js#L20"[39m)[33m;[39m
     [90m 598 |[39m       [36mconst[39m response [33m=[39m [36mawait[39m [33mGET[39m(request[33m,[39m { 
params[33m:[39m { id[33m:[39m [32m"1"[39m } })[33m;[39m
    [31m[1m>[22m[39m[90m 599 |[39m       
expect(response[33m.[39mstatus)[33m.[39mtoBe([35m200[39m)[33m;[39m
     [90m     |[39m                               [31m[1m^[22m[39m
     [90m 600 |[39m     })[33m;[39m
     [90m 601 |[39m
     [90m 602 |[39m     it([32m"Scenario 11.3: blocks path strings consisting only of spaces"[39m[33m,[39m 
[36masync[39m () [33m=>[39m {[0m

      at Object.toBe (app/api/repositories/[id]/files/content/__tests__/route.test.ts:599:31)

  ΓùÅ GET /api/repositories/[id]/files/content - Security Bounds and Robustness Checks ΓÇ║ Scenario 12: Detailed API 
Header & Payload Validation Checks ΓÇ║ Scenario 12.1: returns a validated JSON response with correct headers

    expect(received).toHaveProperty(path)

    Expected path: "content"
    Received path: []

    Received value: {"error": "Failed to fetch file content"}

    [0m [90m 614 |[39m       expect(response[33m.[39mheaders[33m.[39m[36mget[39m([32m"content-type"[39m))[3
3m.[39mtoContain([32m"application/json"[39m)[33m;[39m
     [90m 615 |[39m       [36mconst[39m data [33m=[39m [36mawait[39m response[33m.[39mjson()[33m;[39m
    [31m[1m>[22m[39m[90m 616 |[39m       expect(data)[33m.[39mtoHaveProperty([32m"content"[39m)[33m;[39m
     [90m     |[39m                    [31m[1m^[22m[39m
     [90m 617 |[39m       expect(data)[33m.[39mtoHaveProperty([32m"path"[39m)[33m;[39m
     [90m 618 |[39m     })[33m;[39m
     [90m 619 |[39m[0m

      at Object.toHaveProperty (app/api/repositories/[id]/files/content/__tests__/route.test.ts:616:20)

Test Suites: 1 failed, 1 total
Tests:       90 failed, 9 passed, 99 total
Snapshots:   0 total
Time:        1.999 s, estimated 2 s
Ran all test suites matching /app\\api\\repositories\\\[id\]\\files\\content\\__tests__\\route.test.ts/i.
